<html>
<body>
<pre>
<h1>礦ision Build Log</h1>
<h2>Tool Versions:</h2>
IDE-Version: μVision V5.27.1.0
Copyright (C) 2019 ARM Ltd and ARM Germany GmbH. All rights reserved.
License Information: p li, zkt, LIC=R4HV2-9GF24-PHY89-41CYM-WSZ4K-VTYB7
 
Tool Versions:
Toolchain:       MDK-ARM Professional  Version: 5.27.1.0
Toolchain Path:  D:\Program Files (x86)\Keil_v5\ARM\ARMCC\Bin
C Compiler:      Armcc.exe V5.06 update 6 (build 750)
Assembler:       Armasm.exe V5.06 update 6 (build 750)
Linker/Locator:  ArmLink.exe V5.06 update 6 (build 750)
Library Manager: ArmAr.exe V5.06 update 6 (build 750)
Hex Converter:   FromElf.exe V5.06 update 6 (build 750)
CPU DLL:         SARMCM3.DLL V5.27.1.0
Dialog DLL:      DCM.DLL V1.17.2.0
Target DLL:      Segger\JL2CM3.dll V2.99.35.0
Dialog DLL:      TCM.DLL V1.36.1.0
 
<h2>Project:</h2>
E:\Project\ToothLight\FW\ToothLight20201224nosleeplowpower\project\mdk5\ToothLight.uvprojx
Project File Date:  12/26/2020

<h2>Output:</h2>
*** Using Compiler 'V5.06 update 6 (build 750)', folder: 'D:\Program Files (x86)\Keil_v5\ARM\ARMCC\Bin'
Rebuild target 'IK-52832DK'
compiling board_flash_fstorage.c...
compiling globlevar.c...
..\..\app\globlevar.c(57): warning:  #1-D: last line of file ends without a newline
  //sprintf(buf, "%02x%02x%02x%02x%02x", port[0], port[1], port[2], port[3], port[4]);  //将16进制转换位ASSII
..\..\app\globlevar.c: 1 warning, 0 errors
compiling ProcRex.c...
..\..\app\led_ctrl\led_ctrl.h(19): warning:  #1295-D: Deprecated declaration Led_TimerCreate - give arg types
  extern void Led_TimerCreate(); 
..\..\app\led_ctrl\led_ctrl.h(28): warning:  #1-D: last line of file ends without a newline
  #endif
..\..\app\proc_rex\ProcRex.c: 2 warnings, 0 errors
compiling led_alarm.c...
..\..\app\led_ctrl\led_alarm.h(24): warning:  #1-D: last line of file ends without a newline
  #endif
..\..\app\led_ctrl\led_alarm.c: 1 warning, 0 errors
compiling led_ctrl.c...
..\..\app\led_ctrl\led_ctrl.h(19): warning:  #1295-D: Deprecated declaration Led_TimerCreate - give arg types
  extern void Led_TimerCreate(); 
..\..\app\led_ctrl\led_ctrl.h(28): warning:  #1-D: last line of file ends without a newline
  #endif
..\..\app\bat_volt_check\bat_volt_check.h(23): warning:  #1-D: last line of file ends without a newline
  #endif
..\..\app\led_ctrl\led_ctrl.c(39): warning:  #177-D: variable "err_code"  was declared but never referenced
      ret_code_t err_code;
..\..\app\led_ctrl\led_ctrl.c(105): warning:  #177-D: variable "err_code"  was declared but never referenced
      ret_code_t err_code;
..\..\app\led_ctrl\led_ctrl.c(373): warning:  #1-D: last line of file ends without a newline
  }
..\..\app\led_ctrl\led_ctrl.c: 6 warnings, 0 errors
compiling bat_volt_check.c...
..\..\app\bat_volt_check\bat_volt_check.h(23): warning:  #1-D: last line of file ends without a newline
  #endif
..\..\app\led_ctrl\led_alarm.h(24): warning:  #1-D: last line of file ends without a newline
  #endif
..\..\app\bat_volt_check\bat_volt_check.c(98): warning:  #1035-D: single-precision operand implicitly converted to double-precision
          if(More(val,4.15))                 //4.15 full voltage
..\..\app\bat_volt_check\bat_volt_check.c(102): warning:  #1035-D: single-precision operand implicitly converted to double-precision
          else if(More(val,4.1))
..\..\app\bat_volt_check\bat_volt_check.c(106): warning:  #1035-D: single-precision operand implicitly converted to double-precision
          else if(More(val,4.0))
..\..\app\bat_volt_check\bat_volt_check.c(110): warning:  #1035-D: single-precision operand implicitly converted to double-precision
          else if(More(val, 3.9))
..\..\app\bat_volt_check\bat_volt_check.c(114): warning:  #1035-D: single-precision operand implicitly converted to double-precision
          else if(More(val, 3.8))
..\..\app\bat_volt_check\bat_volt_check.c(118): warning:  #1035-D: single-precision operand implicitly converted to double-precision
          else if(More(val,3.7))
..\..\app\bat_volt_check\bat_volt_check.c(122): warning:  #1035-D: single-precision operand implicitly converted to double-precision
          else if(More(val, 3.6))
..\..\app\bat_volt_check\bat_volt_check.c(126): warning:  #1035-D: single-precision operand implicitly converted to double-precision
          else if(More(val,3.5))
..\..\app\bat_volt_check\bat_volt_check.c(130): warning:  #1035-D: single-precision operand implicitly converted to double-precision
          else if(More(val, 3.4))
..\..\app\bat_volt_check\bat_volt_check.c(134): warning:  #1035-D: single-precision operand implicitly converted to double-precision
          else if(More(val, 3.3))
..\..\app\bat_volt_check\bat_volt_check.c(138): warning:  #1035-D: single-precision operand implicitly converted to double-precision
          else if(More(val, 3.2))
..\..\app\bat_volt_check\bat_volt_check.c(145): warning:  #1035-D: single-precision operand implicitly converted to double-precision
              if(More(val,3.3))   //关闭报警灯
..\..\app\bat_volt_check\bat_volt_check.c(153): warning:  #1035-D: single-precision operand implicitly converted to double-precision
                  if(More(val,3.0))   //报警灯打开
..\..\app\bat_volt_check\bat_volt_check.c(209): warning:  #1-D: last line of file ends without a newline
  }
..\..\app\bat_volt_check\bat_volt_check.c: 16 warnings, 0 errors
compiling utf.c...
compiling main.c...
..\..\app\led_ctrl\led_ctrl.h(19): warning:  #1295-D: Deprecated declaration Led_TimerCreate - give arg types
  extern void Led_TimerCreate(); 
..\..\app\led_ctrl\led_ctrl.h(28): warning:  #1-D: last line of file ends without a newline
  #endif
..\..\app\led_ctrl\led_alarm.h(24): warning:  #1-D: last line of file ends without a newline
  #endif
..\..\app\bat_volt_check\bat_volt_check.h(23): warning:  #1-D: last line of file ends without a newline
  #endif
..\..\app\main.c(134): warning:  #1295-D: Deprecated declaration sleep_mode_enter - give arg types
  void sleep_mode_enter();
..\..\app\main.c(319): warning:  #177-D: variable "err_code"  was declared but never referenced
      uint32_t err_code;
..\..\app\main.c(348): warning:  #177-D: variable "tempsn"  was declared but never referenced
  	uint8_t tempsn[5];
..\..\app\main.c(630): warning:  #177-D: variable "err_code"  was declared but never referenced
      ret_code_t err_code = true;
..\..\app\main.c(661): warning:  #940-D: missing return statement at end of non-void function "ble_app_data_send" 
  }
..\..\app\main.c(119): warning:  #177-D: variable "goto_sleep_timer_id"  was declared but never referenced
  APP_TIMER_DEF(goto_sleep_timer_id);                     //休眠定时
..\..\app\main.c(150): warning:  #177-D: variable "first_flag"  was declared but never referenced
  static bool first_flag = false;
..\..\app\main.c(151): warning:  #177-D: variable "adv_start_flg"  was declared but never referenced
  static bool adv_start_flg = false;
..\..\app\main.c(303): warning:  #177-D: function "uart_reconfig"  was declared but never referenced
  static void uart_reconfig(void)
..\..\app\main.c(673): warning:  #177-D: function "GotoSleep_timeout_handler"  was declared but never referenced
  static void GotoSleep_timeout_handler(void * p_context)
..\..\app\main.c: 14 warnings, 0 errors
compiling boards.c...
compiling bsp.c...
compiling ble_advdata.c...
compiling ble_conn_params.c...
compiling ble_advertising.c...
compiling ble_conn_state.c...
compiling bsp_btn_ble.c...
..\..\components\libraries\bsp\bsp_btn_ble.c(193): warning:  #177-D: variable "err_code"  was declared but never referenced
      uint32_t err_code;
..\..\components\libraries\bsp\bsp_btn_ble.c: 1 warning, 0 errors
compiling auth_status_tracker.c...
compiling ble_srv_common.c...
compiling gatt_cache_manager.c...
compiling ble_link_ctx_manager.c...
compiling nrf_ble_gatt.c...
compiling nrf_ble_qwr.c...
compiling gatts_cache_manager.c...
compiling peer_manager_handler.c...
compiling peer_data_storage.c...
compiling peer_database.c...
compiling id_manager.c...
compiling peer_id.c...
compiling pm_buffer.c...
compiling peer_manager.c...
compiling nrf_drv_uart.c...
compiling security_dispatcher.c...
compiling nrf_drv_clock.c...
compiling nrfx_gpiote.c...
compiling security_manager.c...
compiling nrfx_clock.c...
compiling my_ble_uarts.c...
compiling nrf_atomic.c...
compiling nrfx_prs.c...
compiling nrfx_uart.c...
compiling nrfx_uarte.c...
compiling nrfx_saadc.c...
compiling nrfx_pwm.c...
compiling app_button.c...
..\..\components\libraries\button\app_button.c(323): warning:  #177-D: variable "i"  was declared but never referenced
      uint32_t i;
..\..\components\libraries\button\app_button.c(353): warning:  #177-D: variable "i"  was declared but never referenced
      uint32_t i;
..\..\components\libraries\button\app_button.c: 2 warnings, 0 errors
compiling app_error.c...
compiling app_util_platform.c...
compiling app_error_handler_keil.c...
compiling app_error_weak.c...
compiling nrf_assert.c...
compiling nrf_strerror.c...
compiling app_fifo.c...
compiling app_scheduler.c...
compiling app_timer2.c...
compiling retarget.c...
compiling app_uart_fifo.c...
compiling nrf_atfifo.c...
compiling nrf_atflags.c...
compiling drv_rtc.c...
compiling hardfault_implementation.c...
compiling nrf_fprintf.c...
compiling nrf_balloc.c...
compiling nrf_fprintf_format.c...
compiling nrf_memobj.c...
compiling nrf_ringbuf.c...
compiling nrf_section_iter.c...
compiling nrf_sortlist.c...
compiling nrf_pwr_mgmt.c...
compiling nrf_fstorage.c...
compiling crc16.c...
compiling nrf_log_backend_rtt.c...
compiling nrf_log_default_backends.c...
compiling nrf_log_str_formatter.c...
compiling fds.c...
compiling nrf_fstorage_sd.c...
compiling nrf_log_frontend.c...
compiling nrf_log_backend_serial.c...
compiling nrf_log_backend_uart.c...
assembling arm_startup_nrf52.s...
compiling nrf_sdh_soc.c...
compiling nrf_sdh.c...
compiling SEGGER_RTT_printf.c...
compiling SEGGER_RTT.c...
compiling SEGGER_RTT_Syscalls_KEIL.c...
compiling nrf_sdh_ble.c...
compiling system_nrf52.c...
linking...
Program Size: Code=48644 RO-data=1796 RW-data=488 ZI-data=20632  
FromELF: creating hex file...
".\Objects\nrf52832_qfaa.axf" - 0 Error(s), 43 Warning(s).

<h2>Software Packages used:</h2>

Package Vendor: ARM
                http://www.keil.com/pack/ARM.CMSIS.4.5.0.pack
                ARM.CMSIS.4.5.0
                CMSIS (Cortex Microcontroller Software Interface Standard)
   * Component: CORE Version: 4.3.0

Package Vendor: NordicSemiconductor
                http://developer.nordicsemi.com/nRF5_SDK/pieces/nRF_DeviceFamilyPack/NordicSemiconductor.nRF_DeviceFamilyPack.8.27.1.pack
                NordicSemiconductor.nRF_DeviceFamilyPack.8.27.1
                Nordic Semiconductor nRF ARM devices Device Family Pack with BSD license.
   * Component: Startup Version: 8.27.1

<h2>Collection of Component include folders:</h2>
  .\RTE\_IK-52832DK
  D:\Program Files (x86)\Users\hellen\AppData\Local\Arm\Packs\ARM\CMSIS\4.5.0\CMSIS\Include
  D:\Program Files (x86)\Users\hellen\AppData\Local\Arm\Packs\NordicSemiconductor\nRF_DeviceFamilyPack\8.27.1\Device\Include

<h2>Collection of Component Files used:</h2>

   * Component: ARM::CMSIS:CORE:4.3.0

   * Component: NordicSemiconductor::Device:Startup:8.27.1
      Source file:   Device\Source\arm\arm_startup_nrf52.s
      Include file:  Device\Include\system_nrf52.h
      Include file:  Device\Include\system_nrf.h
      Source file:   Device\Source\system_nrf52.c
Build Time Elapsed:  00:00:38
</pre>
</body>
</html>
