Component: ARM Compiler 5.06 update 6 (build 750) Tool: armlink [4d35ed]

==============================================================================

Section Cross References

    main.o(i.BtChargeStatus_timeout_handler) refers to main.o(i.nrf_gpio_pin_read) for nrf_gpio_pin_read
    main.o(i.BtChargeStatus_timeout_handler) refers to app_button.o(i.touch_button_disable) for touch_button_disable
    main.o(i.BtChargeStatus_timeout_handler) refers to led_ctrl.o(i.Light_uninit) for Light_uninit
    main.o(i.BtChargeStatus_timeout_handler) refers to main.o(i.nrf_gpio_pin_clear) for nrf_gpio_pin_clear
    main.o(i.BtChargeStatus_timeout_handler) refers to led_alarm.o(i.led_alarm_stop) for led_alarm_stop
    main.o(i.BtChargeStatus_timeout_handler) refers to boards.o(i.bsp_board_led_off) for bsp_board_led_off
    main.o(i.BtChargeStatus_timeout_handler) refers to app_button.o(i.touch_button_enable) for touch_button_enable
    main.o(i.BtChargeStatus_timeout_handler) refers to led_alarm.o(i.led_alarm_start) for led_alarm_start
    main.o(i.BtChargeStatus_timeout_handler) refers to boards.o(i.bsp_board_led_on) for bsp_board_led_on
    main.o(i.BtChargeStatus_timeout_handler) refers to memseta.o(.text) for __aeabi_memclr4
    main.o(i.BtChargeStatus_timeout_handler) refers to procrex.o(i.Package_LedWorkStatus) for Package_LedWorkStatus
    main.o(i.BtChargeStatus_timeout_handler) refers to main.o(i.ble_app_data_send) for ble_app_data_send
    main.o(i.BtChargeStatus_timeout_handler) refers to main.o(i.beep_start) for beep_start
    main.o(i.BtChargeStatus_timeout_handler) refers to bat_volt_check.o(i.saadc_uinit) for saadc_uinit
    main.o(i.BtChargeStatus_timeout_handler) refers to app_timer2.o(i.app_timer_stop_all) for app_timer_stop_all
    main.o(i.BtChargeStatus_timeout_handler) refers to main.o(i.sleep_mode_enter) for sleep_mode_enter
    main.o(i.BtChargeStatus_timeout_handler) refers to main.o(.data) for remove_charge_flg
    main.o(i.BtChargeStatus_timeout_handler) refers to globlevar.o(.data) for charge_flg
    main.o(i.BtChargeStatus_timeout_handler) refers to main.o(.bss) for sendbuff
    main.o(i.DataUpload_timeout_handler) refers to memseta.o(.text) for __aeabi_memclr4
    main.o(i.DataUpload_timeout_handler) refers to procrex.o(i.Package_batterylevel) for Package_batterylevel
    main.o(i.DataUpload_timeout_handler) refers to main.o(i.ble_app_data_send) for ble_app_data_send
    main.o(i.DataUpload_timeout_handler) refers to main.o(.bss) for sendbuff
    main.o(i.DataUpload_timeout_handler) refers to globlevar.o(.data) for batlevel
    main.o(i.GotoSleep_timeout_handler) refers to main.o(i.beep_start) for beep_start
    main.o(i.GotoSleep_timeout_handler) refers to bsp.o(i.bsp_indication_set) for bsp_indication_set
    main.o(i.GotoSleep_timeout_handler) refers to app_error.o(i.app_error_handler_bare) for app_error_handler_bare
    main.o(i.advertising_init) refers to memseta.o(.text) for __aeabi_memclr4
    main.o(i.advertising_init) refers to ble_advertising.o(i.ble_advertising_init) for ble_advertising_init
    main.o(i.advertising_init) refers to app_error.o(i.app_error_handler_bare) for app_error_handler_bare
    main.o(i.advertising_init) refers to ble_advertising.o(i.ble_advertising_conn_cfg_tag_set) for ble_advertising_conn_cfg_tag_set
    main.o(i.advertising_init) refers to main.o(.data) for m_adv_uuids
    main.o(i.advertising_init) refers to main.o(i.on_adv_evt) for on_adv_evt
    main.o(i.advertising_init) refers to main.o(.bss) for m_advertising
    main.o(i.advertising_start) refers to ble_advertising.o(i.ble_advertising_start) for ble_advertising_start
    main.o(i.advertising_start) refers to app_error.o(i.app_error_handler_bare) for app_error_handler_bare
    main.o(i.advertising_start) refers to main.o(.bss) for m_advertising
    main.o(i.beep_init) refers to main.o(i.nrf_gpio_cfg) for nrf_gpio_cfg
    main.o(i.beep_init) refers to main.o(i.nrf_gpio_pin_clear) for nrf_gpio_pin_clear
    main.o(i.beep_start) refers to led_ctrl.o(i.beep_start_pwm) for beep_start_pwm
    main.o(i.beep_start) refers to app_timer2.o(i.app_timer_start) for app_timer_start
    main.o(i.beep_start) refers to app_error.o(i.app_error_handler_bare) for app_error_handler_bare
    main.o(i.beep_start) refers to main.o(.constdata) for beep_timer_id
    main.o(i.beep_timeout_handler) refers to main.o(i.nrf_gpio_pin_clear) for nrf_gpio_pin_clear
    main.o(i.beep_timeout_handler) refers to led_ctrl.o(i.light_work_choose) for light_work_choose
    main.o(i.beep_timeout_handler) refers to led_ctrl.o(i.Light_uninit) for Light_uninit
    main.o(i.beep_timeout_handler) refers to globlevar.o(.data) for light_work_status
    main.o(i.ble_app_data_send) refers to my_ble_uarts.o(i.ble_uarts_data_send) for ble_uarts_data_send
    main.o(i.ble_app_data_send) refers to app_error.o(i.app_error_handler_bare) for app_error_handler_bare
    main.o(i.ble_app_data_send) refers to main.o(.data) for m_conn_handle
[...]
    0x00026210   0x00026210   0x00000000   Code   RO         8972    .ARM.Collect$$$$0000000F  mc_w.l(entry11a.o)
    0x00026210   0x00026210   0x00000004   Code   RO         8961    .ARM.Collect$$$$00002712  mc_w.l(entry2.o)
    0x00026214   0x00026214   0x000000e2   Code   RO         5192    .emb_text           nrf_atomic.o
    0x000262f6   0x000262f6   0x00000002   PAD
    0x000262f8   0x000262f8   0x000000c8   Code   RO         6590    .emb_text           nrf_atfifo.o
    0x000263c0   0x000263c0   0x00000024   Code   RO         8534    .text               arm_startup_nrf52.o
    0x000263e4   0x000263e4   0x00000062   Code   RO         8637    .text               mc_w.l(uldiv.o)
    0x00026446   0x00026446   0x0000001e   Code   RO         8639    .text               mc_w.l(llshl.o)
    0x00026464   0x00026464   0x00000024   Code   RO         8641    .text               mc_w.l(memcpya.o)
    0x00026488   0x00026488   0x00000024   Code   RO         8643    .text               mc_w.l(memseta.o)
    0x000264ac   0x000264ac   0x00000018   Code   RO         8645    .text               mc_w.l(strcat.o)
    0x000264c4   0x000264c4   0x0000000e   Code   RO         8647    .text               mc_w.l(strlen.o)
    0x000264d2   0x000264d2   0x0000001a   Code   RO         8651    .text               mc_w.l(memcmp.o)
    0x000264ec   0x000264ec   0x00000012   Code   RO         8653    .text               mc_w.l(strcpy.o)
    0x000264fe   0x000264fe   0x0000014e   Code   RO         8946    .text               mf_w.l(dadd.o)
    0x0002664c   0x0002664c   0x000000e4   Code   RO         8948    .text               mf_w.l(dmul.o)
    0x00026730   0x00026730   0x000000de   Code   RO         8950    .text               mf_w.l(ddiv.o)
    0x0002680e   0x0002680e   0x00000022   Code   RO         8952    .text               mf_w.l(dflti.o)
    0x00026830   0x00026830   0x00000026   Code   RO         8954    .text               mf_w.l(f2d.o)
    0x00026856   0x00026856   0x00000002   PAD
    0x00026858   0x00026858   0x00000030   Code   RO         8956    .text               mf_w.l(cdrcmple.o)
    0x00026888   0x00026888   0x00000038   Code   RO         8958    .text               mf_w.l(d2f.o)
    0x000268c0   0x000268c0   0x00000020   Code   RO         8977    .text               mc_w.l(llushr.o)
    0x000268e0   0x000268e0   0x00000024   Code   RO         8979    .text               mc_w.l(llsshr.o)
    0x00026904   0x00026904   0x00000000   Code   RO         8983    .text               mc_w.l(iusefp.o)
    0x00026904   0x00026904   0x0000006e   Code   RO         8985    .text               mf_w.l(fepilogue.o)
    0x00026972   0x00026972   0x000000ba   Code   RO         8987    .text               mf_w.l(depilogue.o)
    0x00026a2c   0x00026a2c   0x00000024   Code   RO         8991    .text               mc_w.l(init.o)
    0x00026a50   0x00026a50   0x00000056   Code   RO         9001    .text               mc_w.l(__dczerorl2.o)
    0x00026aa6   0x00026aa6   0x00000002   PAD
    0x00026aa8   0x00026aa8   0x00000160   Code   RO            4    i.BtChargeStatus_timeout_handler  main.o
    0x00026c08   0x00026c08   0x00000040   Code   RO            5    i.DataUpload_timeout_handler  main.o
    0x00026c48   0x00026c48   0x0000021c   Code   RO         4362    i.GPIOTE_IRQHandler  nrfx_gpiote.o
    0x00026e64   0x00026e64   0x000000fc   Code   RO          663    i.Led_TimerCreate   led_ctrl.o
    0x00026f60   0x00026f60   0x00000010   Code   RO          664    i.Light_uninit      led_ctrl.o
    0x00026f70   0x00026f70   0x00000054   Code   RO         4197    i.POWER_CLOCK_IRQHandler  nrfx_clock.o
    0x00026fc4   0x00026fc4   0x00000014   Code   RO         5331    i.PWM0_IRQHandler   nrfx_pwm.o
    0x00026fd8   0x00026fd8   0x0000001a   Code   RO          554    i.Package_Deviceid  procrex.o
    0x00026ff2   0x00026ff2   0x00000018   Code   RO          555    i.Package_LedWorkStatus  procrex.o
    0x0002700a   0x0002700a   0x0000001a   Code   RO          556    i.Package_Ledsetfeedback  procrex.o
    0x00027024   0x00027024   0x0000001a   Code   RO          557    i.Package_Ledworkmode  procrex.o
    0x0002703e   0x0002703e   0x00000002   PAD
    0x00027040   0x00027040   0x00000054   Code   RO          558    i.Package_SendCmd   procrex.o
    0x00027094   0x00027094   0x00000018   Code   RO          559    i.Package_Startstop  procrex.o
    0x000270ac   0x000270ac   0x00000018   Code   RO          560    i.Package_batterylevel  procrex.o
    0x000270c4   0x000270c4   0x00000018   Code   RO         6368    i.RTC1_IRQHandler   drv_rtc.o
    0x000270dc   0x000270dc   0x000001cc   Code   RO         5462    i.SAADC_IRQHandler  nrfx_saadc.o
    0x000272a8   0x000272a8   0x00000008   Code   RO         8324    i.SWI2_EGU2_IRQHandler  nrf_sdh.o
    0x000272b0   0x000272b0   0x00000010   Code   RO         8541    i.SystemCoreClockUpdate  system_nrf52.o
    0x000272c0   0x000272c0   0x00000298   Code   RO         8542    i.SystemInit        system_nrf52.o
    0x00027558   0x00027558   0x00000010   Code   RO         4680    i.UARTE0_UART0_IRQHandler  nrfx_prs.o
    0x00027568   0x00027568   0x0000000e   Code   RO         8995    i.__scatterload_copy  mc_w.l(handlers.o)
    0x00027576   0x00027576   0x00000002   Code   RO         8996    i.__scatterload_null  mc_w.l(handlers.o)
    0x00027578   0x00027578   0x0000000e   Code   RO         8997    i.__scatterload_zeroinit  mc_w.l(handlers.o)
    0x00027586   0x00027586   0x00000002   PAD
    0x00027588   0x00027588   0x00000038   Code   RO         8325    i.__sd_nvic_app_accessible_irq  nrf_sdh.o
    0x000275c0   0x000275c0   0x0000000c   Code   RO         5831    i.__sd_nvic_irq_disable  app_util_platform.o
    0x000275cc   0x000275cc   0x0000000a   Code   RO          874    i.adc_stop_timeout_handler  bat_volt_check.o
    0x000275d6   0x000275d6   0x00000032   Code   RO         2503    i.addr_compare      id_manager.o
    0x00027608   0x00027608   0x00000010   Code   RO         7192    i.addr_is_aligned32  nrf_fstorage.o
    0x00027618   0x00027618   0x00000014   Code   RO         7193    i.addr_is_page_aligned  nrf_fstorage.o
    0x0002762c   0x0002762c   0x00000018   Code   RO         1578    i.addr_is_valid     ble_advertising.o
    0x00027644   0x00027644   0x0000001c   Code   RO         7194    i.addr_is_within_bounds  nrf_fstorage.o
    0x00027660   0x00027660   0x0000002c   Code   RO         7414    i.address_is_valid  fds.o
    0x0002768c   0x0002768c   0x00000058   Code   RO         1579    i.adv_mode_next_avail_get  ble_advertising.o
    0x000276e4   0x000276e4   0x00000012   Code   RO         1580    i.adv_mode_next_get  ble_advertising.o
    0x000276f6   0x000276f6   0x00000012   Code   RO         1581    i.adv_set_data_size_max_get  ble_advertising.o
    0x00027708   0x00027708   0x00000020   Code   RO         1234    i.advertising_buttons_configure  bsp_btn_ble.o
    0x00027728   0x00027728   0x0000007c   Code   RO            7    i.advertising_init  main.o
    0x000277a4   0x000277a4   0x00000024   Code   RO            8    i.advertising_start  main.o
    0x000277c8   0x000277c8   0x00000056   Code   RO         2504    i.ah                id_manager.o
    0x0002781e   0x0002781e   0x00000002   PAD
    0x00027820   0x00027820   0x0000001c   Code   RO         1120    i.alert_timer_handler  bsp.o
    0x0002783c   0x0002783c   0x00000014   Code   RO         3560    i.allow_repairing   security_dispatcher.o
    0x00027850   0x00027850   0x0000002c   Code   RO         5620    i.app_button_enable  app_button.o
    0x0002787c   0x0002787c   0x000000b0   Code   RO         5621    i.app_button_init   app_button.o
    0x0002792c   0x0002792c   0x0000005c   Code   RO         5791    i.app_error_fault_handler  app_error_weak.o
    0x00027988   0x00027988   0x0000001c   Code   RO         5731    i.app_error_handler_bare  app_error.o
    0x000279a4   0x000279a4   0x00000010   Code   RO         6109    i.app_timer_cnt_get  app_timer2.o
    0x000279b4   0x000279b4   0x00000020   Code   RO         6110    i.app_timer_create  app_timer2.o
    0x000279d4   0x000279d4   0x0000006c   Code   RO         6111    i.app_timer_init    app_timer2.o
    0x00027a40   0x00027a40   0x00000036   Code   RO         6114    i.app_timer_start   app_timer2.o
    0x00027a76   0x00027a76   0x00000014   Code   RO         6115    i.app_timer_stop    app_timer2.o
    0x00027a8a   0x00027a8a   0x00000002   PAD
    0x00027a8c   0x00027a8c   0x00000018   Code   RO         6116    i.app_timer_stop_all  app_timer2.o
    0x00027aa4   0x00027aa4   0x0000000c   Code   RO         5832    i.app_util_critical_region_enter  app_util_platform.o
    0x00027ab0   0x00027ab0   0x00000048   Code   RO         5833    i.app_util_critical_region_exit  app_util_platform.o
    0x00027af8   0x00027af8   0x00000052   Code   RO         1350    i.appearance_encode  ble_advdata.o
    0x00027b4a   0x00027b4a   0x0000000e   Code   RO         2212    i.apply_pending_handle  gatt_cache_manager.o
    0x00027b58   0x00027b58   0x00000014   Code   RO         3561    i.auth_status_failure_process  security_dispatcher.o
    0x00027b6c   0x00027b6c   0x0000001c   Code   RO         3562    i.auth_status_process  security_dispatcher.o
    0x00027b88   0x00027b88   0x00000124   Code   RO         3563    i.auth_status_success_process  security_dispatcher.o
    0x00027cac   0x00027cac   0x0000002c   Code   RO          875    i.bat_sample_start  bat_volt_check.o
    0x00027cd8   0x00027cd8   0x00000028   Code   RO          876    i.bat_sample_stop   bat_volt_check.o
    0x00027d00   0x00027d00   0x0000000c   Code   RO          877    i.bat_volt_check_start  bat_volt_check.o
    0x00027d0c   0x00027d0c   0x00000050   Code   RO          878    i.bat_volt_timer_init  bat_volt_check.o
    0x00027d5c   0x00027d5c   0x00000020   Code   RO            9    i.beep_init         main.o
    0x00027d7c   0x00027d7c   0x00000030   Code   RO           10    i.beep_start        main.o
    0x00027dac   0x00027dac   0x0000001c   Code   RO          665    i.beep_start_pwm    led_ctrl.o
    0x00027dc8   0x00027dc8   0x0000003c   Code   RO           11    i.beep_timeout_handler  main.o
    0x00027e04   0x00027e04   0x0000006c   Code   RO         2170    i.blcm_link_ctx_get  ble_link_ctx_manager.o
    0x00027e70   0x00027e70   0x0000016c   Code   RO         1352    i.ble_advdata_encode  ble_advdata.o
    0x00027fdc   0x00027fdc   0x00000028   Code   RO         1354    i.ble_advdata_parse  ble_advdata.o
    0x00028004   0x00028004   0x0000004e   Code   RO         1355    i.ble_advdata_search  ble_advdata.o
    0x00028052   0x00028052   0x00000006   Code   RO         1583    i.ble_advertising_conn_cfg_tag_set  ble_advertising.o
    0x00028058   0x00028058   0x00000108   Code   RO         1584    i.ble_advertising_init  ble_advertising.o
    0x00028160   0x00028160   0x0000003c   Code   RO         1586    i.ble_advertising_on_ble_evt  ble_advertising.o
    0x0002819c   0x0002819c   0x0000004a   Code   RO         1588    i.ble_advertising_restart_without_whitelist  ble_advertising.o
    0x000281e6   0x000281e6   0x00000174   Code   RO         1589    i.ble_advertising_start  ble_advertising.o
    0x0002835a   0x0002835a   0x00000002   PAD
    0x0002835c   0x0002835c   0x00000058   Code   RO           12    i.ble_app_data_send  main.o
    0x000283b4   0x000283b4   0x0000009c   Code   RO         1478    i.ble_conn_params_init  ble_conn_params.o
    0x00028450   0x00028450   0x00000014   Code   RO         1736    i.ble_conn_state_conn_idx  ble_conn_state.o
    0x00028464   0x00028464   0x00000020   Code   RO         1737    i.ble_conn_state_encrypted  ble_conn_state.o
    0x00028484   0x00028484   0x00000028   Code   RO         1739    i.ble_conn_state_for_each_set_user_flag  ble_conn_state.o
    0x000284ac   0x000284ac   0x00000020   Code   RO         1741    i.ble_conn_state_lesc  ble_conn_state.o
    0x000284cc   0x000284cc   0x00000020   Code   RO         1742    i.ble_conn_state_mitm_protected  ble_conn_state.o
    0x000284ec   0x000284ec   0x0000002c   Code   RO         1745    i.ble_conn_state_role  ble_conn_state.o
    0x00028518   0x00028518   0x0000002c   Code   RO         1746    i.ble_conn_state_status  ble_conn_state.o
    0x00028544   0x00028544   0x0000002c   Code   RO         1748    i.ble_conn_state_user_flag_get  ble_conn_state.o
    0x00028570   0x00028570   0x0000002c   Code   RO         1749    i.ble_conn_state_user_flag_set  ble_conn_state.o
    0x0002859c   0x0002859c   0x0000001c   Code   RO         1750    i.ble_conn_state_valid  ble_conn_state.o
    0x000285b8   0x000285b8   0x00000076   Code   RO         1358    i.ble_device_addr_encode  ble_advdata.o
    0x0002862e   0x0002862e   0x00000002   PAD
    0x00028630   0x00028630   0x00000168   Code   RO           13    i.ble_evt_handler   main.o
    0x00028798   0x00028798   0x00000078   Code   RO         1235    i.ble_evt_handler   bsp_btn_ble.o
    0x00028810   0x00028810   0x00000040   Code   RO         1480    i.ble_evt_handler   ble_conn_params.o
    0x00028850   0x00028850   0x000000b8   Code   RO         1751    i.ble_evt_handler   ble_conn_state.o
    0x00028908   0x00028908   0x0000002c   Code   RO         3090    i.ble_evt_handler   peer_manager.o
    0x00028934   0x00028934   0x00000012   Code   RO         1928    i.ble_srv_is_notification_enabled  ble_srv_common.o
    0x00028946   0x00028946   0x00000056   Code   RO           14    i.ble_stack_init    main.o
    0x0002899c   0x0002899c   0x0000007a   Code   RO         3933    i.ble_uarts_data_send  my_ble_uarts.o
    0x00028a16   0x00028a16   0x00000002   PAD
    0x00028a18   0x00028a18   0x0000010c   Code   RO         3934    i.ble_uarts_init    my_ble_uarts.o
    0x00028b24   0x00028b24   0x00000044   Code   RO         3935    i.ble_uarts_on_ble_evt  my_ble_uarts.o
    0x00028b68   0x00028b68   0x000000c4   Code   RO          791    i.board_fstorage_initial  board_flash_fstorage.o
    0x00028c2c   0x00028c2c   0x00000030   Code   RO         1006    i.bsp_board_button_state_get  boards.o
    0x00028c5c   0x00028c5c   0x0000002c   Code   RO         1007    i.bsp_board_buttons_init  boards.o
    0x00028c88   0x00028c88   0x0000001a   Code   RO         1008    i.bsp_board_init    boards.o
    0x00028ca2   0x00028ca2   0x00000002   PAD
    0x00028ca4   0x00028ca4   0x00000030   Code   RO         1010    i.bsp_board_led_invert  boards.o
    0x00028cd4   0x00028cd4   0x00000014   Code   RO         1011    i.bsp_board_led_off  boards.o
    0x00028ce8   0x00028ce8   0x00000014   Code   RO         1012    i.bsp_board_led_on  boards.o
    0x00028cfc   0x00028cfc   0x00000030   Code   RO         1013    i.bsp_board_led_state_get  boards.o
    0x00028d2c   0x00028d2c   0x00000030   Code   RO         1014    i.bsp_board_leds_init  boards.o
    0x00028d5c   0x00028d5c   0x00000024   Code   RO         1015    i.bsp_board_leds_off  boards.o
    0x00028d80   0x00028d80   0x00000024   Code   RO         1016    i.bsp_board_leds_on  boards.o
    0x00028da4   0x00028da4   0x00000024   Code   RO         1017    i.bsp_board_pin_to_button_idx  boards.o
    0x00028dc8   0x00028dc8   0x0000001c   Code   RO         1236    i.bsp_btn_ble_init  bsp_btn_ble.o
    0x00028de4   0x00028de4   0x00000004   Code   RO         1237    i.bsp_btn_ble_sleep_mode_prepare  bsp_btn_ble.o
    0x00028de8   0x00028de8   0x000000c4   Code   RO         1121    i.bsp_button_event_handler  bsp.o
    0x00028eac   0x00028eac   0x00000014   Code   RO         1122    i.bsp_button_is_pressed  bsp.o
    0x00028ec0   0x00028ec0   0x00000088   Code   RO           15    i.bsp_event_handler  main.o
    0x00028f48   0x00028f48   0x0000005c   Code   RO         1125    i.bsp_event_to_button_action_assign  bsp.o
    0x00028fa4   0x00028fa4   0x00000020   Code   RO         1126    i.bsp_indication_set  bsp.o
    0x00028fc4   0x00028fc4   0x000000ac   Code   RO         1127    i.bsp_init          bsp.o
    0x00029070   0x00029070   0x0000040e   Code   RO         1128    i.bsp_led_indication  bsp.o
    0x0002947e   0x0002947e   0x00000002   PAD
    0x00029480   0x00029480   0x0000002c   Code   RO         5623    i.button_get        app_button.o
    0x000294ac   0x000294ac   0x0000000e   Code   RO         1131    i.button_timer_handler  bsp.o
    0x000294ba   0x000294ba   0x00000002   PAD
    0x000294bc   0x000294bc   0x00000040   Code   RO           17    i.buttons_init      main.o
    0x000294fc   0x000294fc   0x0000002c   Code   RO         2213    i.car_update_needed  gatt_cache_manager.o
    0x00029528   0x00029528   0x00000040   Code   RO         2214    i.car_update_pending_handle  gatt_cache_manager.o
    0x00029568   0x00029568   0x00000020   Code   RO         2215    i.cccd_written      gatt_cache_manager.o
    0x00029588   0x00029588   0x00000020   Code   RO         4363    i.channel_free      nrfx_gpiote.o
    0x000295a8   0x000295a8   0x00000010   Code   RO         4364    i.channel_handler_get  nrfx_gpiote.o
    0x000295b8   0x000295b8   0x00000080   Code   RO         4365    i.channel_port_alloc  nrfx_gpiote.o
    0x00029638   0x00029638   0x0000000c   Code   RO         4366    i.channel_port_get  nrfx_gpiote.o
    0x00029644   0x00029644   0x000001c8   Code   RO         1930    i.characteristic_add  ble_srv_common.o
    0x0002980c   0x0002980c   0x00000014   Code   RO           18    i.charger_detect_init  main.o
    0x00029820   0x00029820   0x0000004c   Code   RO         2995    i.claim             peer_id.o
    0x0002986c   0x0002986c   0x00000030   Code   RO         3985    i.clock_clk_started_notify  nrf_drv_clock.o
    0x0002989c   0x0002989c   0x00000028   Code   RO         3986    i.clock_irq_handler  nrf_drv_clock.o
    0x000298c4   0x000298c4   0x00000026   Code   RO         6117    i.compare_func      app_timer2.o
    0x000298ea   0x000298ea   0x00000028   Code   RO         1591    i.config_is_valid   ble_advertising.o
    0x00029912   0x00029912   0x000000c2   Code   RO         5332    i.configure_pins    nrfx_pwm.o
    0x000299d4   0x000299d4   0x0000003c   Code   RO         1752    i.conn_handle_list_get  ble_conn_state.o
    0x00029a10   0x00029a10   0x0000005a   Code   RO         1359    i.conn_int_check    ble_advdata.o
    0x00029a6a   0x00029a6a   0x00000068   Code   RO         1360    i.conn_int_encode   ble_advdata.o
    0x00029ad2   0x00029ad2   0x00000010   Code   RO           19    i.conn_params_error_handler  main.o
    0x00029ae2   0x00029ae2   0x00000002   PAD
    0x00029ae4   0x00029ae4   0x0000005c   Code   RO           20    i.conn_params_init  main.o
    0x00029b40   0x00029b40   0x00000054   Code   RO         1481    i.conn_params_negotiation  ble_conn_params.o
    0x00029b94   0x00029b94   0x00000044   Code   RO         3564    i.conn_sec_failure  security_dispatcher.o
    0x00029bd8   0x00029bd8   0x00000058   Code   RO         3565    i.conn_sec_update_process  security_dispatcher.o
    0x00029c30   0x00029c30   0x00000020   Code   RO         1238    i.connection_buttons_configure  bsp_btn_ble.o
    0x00029c50   0x00029c50   0x0000003e   Code   RO         7168    i.crc16_compute     crc16.o
    0x00029c8e   0x00029c8e   0x0000002c   Code   RO         1994    i.data_length_update  nrf_ble_gatt.o
    0x00029cba   0x00029cba   0x00000002   PAD
    0x00029cbc   0x00029cbc   0x00000130   Code   RO          561    i.date_parser       procrex.o
    0x00029dec   0x00029dec   0x0000004c   Code   RO         2216    i.db_update_pending_handle  gatt_cache_manager.o
    0x00029e38   0x00029e38   0x00000052   Code   RO         7415    i.delete_execute    fds.o
    0x00029e8a   0x00029e8a   0x00000002   PAD
    0x00029e8c   0x00029e8c   0x00000060   Code   RO         5624    i.detection_delay_timeout_handler  app_button.o
    0x00029eec   0x00029eec   0x00000022   Code   RO         3566    i.disconnect_process  security_dispatcher.o
    0x00029f0e   0x00029f0e   0x00000016   Code   RO         6369    i.drv_rtc_compare_disable  drv_rtc.o
    0x00029f24   0x00029f24   0x0000001a   Code   RO         6371    i.drv_rtc_compare_pending  drv_rtc.o
    0x00029f3e   0x00029f3e   0x0000005c   Code   RO         6372    i.drv_rtc_compare_set  drv_rtc.o
    0x00029f9a   0x00029f9a   0x0000000c   Code   RO         6373    i.drv_rtc_counter_get  drv_rtc.o
    0x00029fa6   0x00029fa6   0x00000002   PAD
    0x00029fa8   0x00029fa8   0x000000b4   Code   RO         6374    i.drv_rtc_init      drv_rtc.o
    0x0002a05c   0x0002a05c   0x00000020   Code   RO         6375    i.drv_rtc_irq_trigger  drv_rtc.o
    0x0002a07c   0x0002a07c   0x00000012   Code   RO         6377    i.drv_rtc_overflow_enable  drv_rtc.o
    0x0002a08e   0x0002a08e   0x00000010   Code   RO         6378    i.drv_rtc_overflow_pending  drv_rtc.o
    0x0002a09e   0x0002a09e   0x0000000e   Code   RO         6379    i.drv_rtc_start     drv_rtc.o
    0x0002a0ac   0x0002a0ac   0x0000000e   Code   RO         6380    i.drv_rtc_stop      drv_rtc.o
    0x0002a0ba   0x0002a0ba   0x00000104   Code   RO         6385    i.drv_rtc_windowed_compare_set  drv_rtc.o
    0x0002a1be   0x0002a1be   0x00000016   Code   RO         3567    i.encryption_failure  security_dispatcher.o
    0x0002a1d4   0x0002a1d4   0x00000058   Code   RO         7279    i.erase             nrf_fstorage_sd.o
    0x0002a22c   0x0002a22c   0x0000000e   Code   RO         7280    i.erase_execute     nrf_fstorage_sd.o
    0x0002a23a   0x0002a23a   0x00000002   PAD
    0x0002a23c   0x0002a23c   0x00000054   Code   RO         8543    i.errata_108        system_nrf52.o
    0x0002a290   0x0002a290   0x00000054   Code   RO         8544    i.errata_12         system_nrf52.o
    0x0002a2e4   0x0002a2e4   0x00000054   Code   RO         8545    i.errata_136        system_nrf52.o
    0x0002a338   0x0002a338   0x00000030   Code   RO         8546    i.errata_16         system_nrf52.o
    0x0002a368   0x0002a368   0x00000020   Code   RO         8547    i.errata_182        system_nrf52.o
    0x0002a388   0x0002a388   0x00000054   Code   RO         8548    i.errata_31         system_nrf52.o
    0x0002a3dc   0x0002a3dc   0x00000030   Code   RO         8549    i.errata_32         system_nrf52.o
    0x0002a40c   0x0002a40c   0x00000054   Code   RO         8550    i.errata_36         system_nrf52.o
    0x0002a460   0x0002a460   0x00000030   Code   RO         8551    i.errata_37         system_nrf52.o
    0x0002a490   0x0002a490   0x00000030   Code   RO         8552    i.errata_57         system_nrf52.o
    0x0002a4c0   0x0002a4c0   0x00000030   Code   RO         8553    i.errata_66         system_nrf52.o
    0x0002a4f0   0x0002a4f0   0x0000007e   Code   RO         7416    i.event_prepare     fds.o
    0x0002a56e   0x0002a56e   0x00000002   PAD
    0x0002a570   0x0002a570   0x00000068   Code   RO         7281    i.event_send        nrf_fstorage_sd.o
    0x0002a5d8   0x0002a5d8   0x00000028   Code   RO         7417    i.event_send        fds.o
    0x0002a600   0x0002a600   0x00000058   Code   RO         3747    i.events_send_from_err_code  security_manager.o
    0x0002a658   0x0002a658   0x00000018   Code   RO         6386    i.evt_disable       drv_rtc.o
    0x0002a670   0x0002a670   0x0000001c   Code   RO         6387    i.evt_enable        drv_rtc.o
    0x0002a68c   0x0002a68c   0x0000000c   Code   RO         3748    i.evt_forward       security_manager.o
    0x0002a698   0x0002a698   0x000000f0   Code   RO         5625    i.evt_handle        app_button.o
    0x0002a788   0x0002a788   0x0000001c   Code   RO         6388    i.evt_pending       drv_rtc.o
    0x0002a7a4   0x0002a7a4   0x00000028   Code   RO         2217    i.evt_send          gatt_cache_manager.o
    0x0002a7cc   0x0002a7cc   0x00000028   Code   RO         2409    i.evt_send          gatts_cache_manager.o
    0x0002a7f4   0x0002a7f4   0x00000020   Code   RO         2505    i.evt_send          id_manager.o
    0x0002a814   0x0002a814   0x00000028   Code   RO         3091    i.evt_send          peer_manager.o
    0x0002a83c   0x0002a83c   0x00000028   Code   RO         3568    i.evt_send          security_dispatcher.o
    0x0002a864   0x0002a864   0x00000020   Code   RO         3749    i.evt_send          security_manager.o
    0x0002a884   0x0002a884   0x0000004c   Code   RO          792    i.fds_evt_handler   board_flash_fstorage.o
    0x0002a8d0   0x0002a8d0   0x0000004c   Code   RO         7419    i.fds_file_delete   fds.o
    0x0002a91c   0x0002a91c   0x000000cc   Code   RO         7421    i.fds_init          fds.o
    0x0002a9e8   0x0002a9e8   0x00000068   Code   RO         7422    i.fds_record_close  fds.o
    0x0002aa50   0x0002aa50   0x00000016   Code   RO         7424    i.fds_record_find   fds.o
    0x0002aa66   0x0002aa66   0x00000014   Code   RO         7425    i.fds_record_find_by_key  fds.o
    0x0002aa7a   0x0002aa7a   0x00000014   Code   RO         7426    i.fds_record_find_in_file  fds.o
    0x0002aa8e   0x0002aa8e   0x00000014   Code   RO         7427    i.fds_record_id_from_desc  fds.o
    0x0002aaa2   0x0002aaa2   0x00000002   PAD
    0x0002aaa4   0x0002aaa4   0x00000050   Code   RO         7429    i.fds_record_open   fds.o
    0x0002aaf4   0x0002aaf4   0x0000001c   Code   RO         7430    i.fds_record_update  fds.o
    0x0002ab10   0x0002ab10   0x00000014   Code   RO         7431    i.fds_record_write  fds.o
    0x0002ab24   0x0002ab24   0x00000034   Code   RO         7433    i.fds_register      fds.o
    0x0002ab58   0x0002ab58   0x00000034   Code   RO         7437    i.file_find_and_delete  fds.o
    0x0002ab8c   0x0002ab8c   0x0000000a   Code   RO         2672    i.file_id_to_peer_id  peer_data_storage.o
    0x0002ab96   0x0002ab96   0x0000001e   Code   RO         1753    i.flag_toggle       ble_conn_state.o
    0x0002abb4   0x0002abb4   0x00000036   Code   RO         1361    i.flags_encode      ble_advdata.o
    0x0002abea   0x0002abea   0x0000002c   Code   RO         1592    i.flags_set         ble_advertising.o
    0x0002ac16   0x0002ac16   0x00000002   PAD
    0x0002ac18   0x0002ac18   0x0000004c   Code   RO         3751    i.flags_set_from_err_code  security_manager.o
    0x0002ac64   0x0002ac64   0x0000001c   Code   RO         7438    i.flash_bounds_set  fds.o
    0x0002ac80   0x0002ac80   0x00000036   Code   RO         7439    i.flash_end_addr    fds.o
    0x0002acb6   0x0002acb6   0x00000002   PAD
    0x0002acb8   0x0002acb8   0x0000001c   Code   RO         7440    i.flash_subsystem_init  fds.o
    0x0002acd4   0x0002acd4   0x00000032   Code   RO         1754    i.for_each_set_flag  ble_conn_state.o
    0x0002ad06   0x0002ad06   0x0000000c   Code   RO         7441    i.fs_event_handler  fds.o
    0x0002ad12   0x0002ad12   0x00000002   PAD
    0x0002ad14   0x0002ad14   0x000000a4   Code   RO           21    i.gap_params_init   main.o
    0x0002adb8   0x0002adb8   0x00000028   Code   RO           22    i.gatt_evt_handler  main.o
    0x0002ade0   0x0002ade0   0x00000044   Code   RO           23    i.gatt_init         main.o
    0x0002ae24   0x0002ae24   0x00000074   Code   RO         7442    i.gc_execute        fds.o
    0x0002ae98   0x0002ae98   0x00000040   Code   RO         7443    i.gc_init           fds.o
    0x0002aed8   0x0002aed8   0x00000028   Code   RO         7444    i.gc_next_page      fds.o
    0x0002af00   0x0002af00   0x0000004c   Code   RO         7445    i.gc_page_erase     fds.o
    0x0002af4c   0x0002af4c   0x00000050   Code   RO         7446    i.gc_page_next      fds.o
    0x0002af9c   0x0002af9c   0x00000040   Code   RO         7447    i.gc_record_copy    fds.o
    0x0002afdc   0x0002afdc   0x00000024   Code   RO         7448    i.gc_record_find_next  fds.o
    0x0002b000   0x0002b000   0x00000058   Code   RO         7449    i.gc_state_advance  fds.o
    0x0002b058   0x0002b058   0x0000002c   Code   RO         7450    i.gc_swap_erase     fds.o
    0x0002b084   0x0002b084   0x00000050   Code   RO         7451    i.gc_swap_pages     fds.o
    0x0002b0d4   0x0002b0d4   0x00000024   Code   RO         7452    i.gc_swap_promote   fds.o
    0x0002b0f8   0x0002b0f8   0x00000018   Code   RO         7453    i.gc_tag_new_swap   fds.o
    0x0002b110   0x0002b110   0x00000020   Code   RO         7454    i.gc_update_swap_offset  fds.o
    0x0002b130   0x0002b130   0x00000160   Code   RO         2218    i.gcm_ble_evt_handler  gatt_cache_manager.o
    0x0002b290   0x0002b290   0x00000026   Code   RO         2219    i.gcm_im_evt_handler  gatt_cache_manager.o
    0x0002b2b6   0x0002b2b6   0x00000002   PAD
    0x0002b2b8   0x0002b2b8   0x0000009c   Code   RO         2223    i.gcm_pdb_evt_handler  gatt_cache_manager.o
    0x0002b354   0x0002b354   0x0000003c   Code   RO         6118    i.get_now           app_timer2.o
    0x0002b390   0x0002b390   0x00000048   Code   RO         5626    i.gpiote_event_handler  app_button.o
    0x0002b3d8   0x0002b3d8   0x0000001c   Code   RO         2410    i.gscm_db_change_notification_done  gatts_cache_manager.o
    0x0002b3f4   0x0002b3f4   0x00000090   Code   RO         2413    i.gscm_local_db_cache_apply  gatts_cache_manager.o
    0x0002b484   0x0002b484   0x00000098   Code   RO         2414    i.gscm_local_db_cache_update  gatts_cache_manager.o
    0x0002b51c   0x0002b51c   0x0000001c   Code   RO         2415    i.gscm_pdb_evt_handler  gatts_cache_manager.o
    0x0002b538   0x0002b538   0x00000028   Code   RO         2416    i.gscm_service_changed_ind_needed  gatts_cache_manager.o
    0x0002b560   0x0002b560   0x00000048   Code   RO         2417    i.gscm_service_changed_ind_send  gatts_cache_manager.o
    0x0002b5a8   0x0002b5a8   0x00000030   Code   RO         7455    i.header_check      fds.o
    0x0002b5d8   0x0002b5d8   0x00000016   Code   RO         7456    i.header_has_next   fds.o
    0x0002b5ee   0x0002b5ee   0x0000000e   Code   RO         7457    i.header_jump       fds.o
    0x0002b5fc   0x0002b5fc   0x00000008   Code   RO           24    i.idle_state_handle  main.o
    0x0002b604   0x0002b604   0x0000004c   Code   RO         2506    i.im_address_resolve  id_manager.o
    0x0002b650   0x0002b650   0x00000038   Code   RO         2507    i.im_ble_addr_get   id_manager.o
    0x0002b688   0x0002b688   0x000000ec   Code   RO         2508    i.im_ble_evt_handler  id_manager.o
    0x0002b774   0x0002b774   0x00000040   Code   RO         2509    i.im_conn_handle_get  id_manager.o
    0x0002b7b4   0x0002b7b4   0x00000038   Code   RO         2511    i.im_find_duplicate_bonding_data  id_manager.o
    0x0002b7ec   0x0002b7ec   0x00000090   Code   RO         2514    i.im_is_duplicate_bonding_data  id_manager.o
    0x0002b87c   0x0002b87c   0x00000022   Code   RO         2515    i.im_master_id_is_valid  id_manager.o
    0x0002b89e   0x0002b89e   0x00000032   Code   RO         2516    i.im_master_ids_compare  id_manager.o
    0x0002b8d0   0x0002b8d0   0x00000014   Code   RO         2517    i.im_new_peer_id    id_manager.o
    0x0002b8e4   0x0002b8e4   0x00000030   Code   RO         2518    i.im_peer_free      id_manager.o
    0x0002b914   0x0002b914   0x00000028   Code   RO         2519    i.im_peer_id_get_by_conn_handle  id_manager.o
    0x0002b93c   0x0002b93c   0x00000040   Code   RO         2520    i.im_peer_id_get_by_master_id  id_manager.o
    0x0002b97c   0x0002b97c   0x0000003c   Code   RO         7282    i.init              nrf_fstorage_sd.o
    0x0002b9b8   0x0002b9b8   0x00000134   Code   RO         7458    i.init_execute      fds.o
    0x0002baec   0x0002baec   0x0000002c   Code   RO         1482    i.instance_get      ble_conn_params.o
    0x0002bb18   0x0002bb18   0x000000a4   Code   RO         5333    i.irq_handler       nrfx_pwm.o
    0x0002bbbc   0x0002bbbc   0x00000014   Code   RO         7283    i.is_busy           nrf_fstorage_sd.o
    0x0002bbd0   0x0002bbd0   0x00000072   Code   RO         1483    i.is_conn_params_ok  ble_conn_params.o
    0x0002bc42   0x0002bc42   0x00000018   Code   RO         2525    i.is_valid_irk      id_manager.o
    0x0002bc5a   0x0002bc5a   0x00000010   Code   RO         7459    i.is_word_aligned   fds.o
    0x0002bc6a   0x0002bc6a   0x0000000c   Code   RO         3989    i.item_dequeue      nrf_drv_clock.o
    0x0002bc76   0x0002bc76   0x00000026   Code   RO         3752    i.key_is_lesc       security_manager.o
    0x0002bc9c   0x0002bc9c   0x00000018   Code   RO          960    i.led_alarm_start   led_alarm.o
    0x0002bcb4   0x0002bcb4   0x00000010   Code   RO          961    i.led_alarm_stop    led_alarm.o
    0x0002bcc4   0x0002bcc4   0x0000002c   Code   RO          962    i.led_alarm_timer_initial  led_alarm.o
    0x0002bcf0   0x0002bcf0   0x00000034   Code   RO          963    i.ledalarm_timeout_handler  led_alarm.o
    0x0002bd24   0x0002bd24   0x00000020   Code   RO           25    i.leds_init         main.o
    0x0002bd44   0x0002bd44   0x00000028   Code   RO         1132    i.leds_off          bsp.o
    0x0002bd6c   0x0002bd6c   0x00000020   Code   RO         1133    i.leds_timer_handler  bsp.o
    0x0002bd8c   0x0002bd8c   0x00000014   Code   RO         3991    i.lfclk_stop        nrf_drv_clock.o
    0x0002bda0   0x0002bda0   0x000002d8   Code   RO          666    i.light_work_choose  led_ctrl.o
    0x0002c078   0x0002c078   0x000001ac   Code   RO          667    i.lightwork_firsttimeout_handler  led_ctrl.o
    0x0002c224   0x0002c224   0x00000044   Code   RO          668    i.lightwork_secondtimeout_handler  led_ctrl.o
    0x0002c268   0x0002c268   0x00000016   Code   RO         1995    i.link_init         nrf_ble_gatt.o
    0x0002c27e   0x0002c27e   0x00000002   PAD
    0x0002c280   0x0002c280   0x000000bc   Code   RO         3753    i.link_secure       security_manager.o
    0x0002c33c   0x0002c33c   0x00000018   Code   RO         3570    i.link_secure_authenticate  security_dispatcher.o
    0x0002c354   0x0002c354   0x0000003c   Code   RO         3571    i.link_secure_failure  security_dispatcher.o
    0x0002c390   0x0002c390   0x0000003c   Code   RO         3754    i.link_secure_pending_handle  security_manager.o
    0x0002c3cc   0x0002c3cc   0x00000018   Code   RO         3572    i.link_secure_peripheral  security_dispatcher.o
    0x0002c3e4   0x0002c3e4   0x00000080   Code   RO         2225    i.local_db_apply_in_evt  gatt_cache_manager.o
    0x0002c464   0x0002c464   0x00000018   Code   RO         2226    i.local_db_update   gatt_cache_manager.o
    0x0002c47c   0x0002c47c   0x00000064   Code   RO         2227    i.local_db_update_in_evt  gatt_cache_manager.o
    0x0002c4e0   0x0002c4e0   0x00000054   Code   RO           26    i.main              main.o
    0x0002c534   0x0002c534   0x0000006c   Code   RO         8919    i.malloc            mc_w.l(malloc.o)
    0x0002c5a0   0x0002c5a0   0x00000076   Code   RO         1362    i.manuf_specific_data_encode  ble_advdata.o
    0x0002c616   0x0002c616   0x00000026   Code   RO         3503    i.mutex_lock        pm_buffer.o
    0x0002c63c   0x0002c63c   0x00000020   Code   RO         3504    i.mutex_lock_status_get  pm_buffer.o
    0x0002c65c   0x0002c65c   0x00000020   Code   RO         3505    i.mutex_unlock      pm_buffer.o
    0x0002c67c   0x0002c67c   0x000000c8   Code   RO         1363    i.name_encode       ble_advdata.o
    0x0002c744   0x0002c744   0x00000020   Code   RO         3755    i.new_context_get   security_manager.o
    0x0002c764   0x0002c764   0x00000032   Code   RO         3756    i.new_evt           security_manager.o
    0x0002c796   0x0002c796   0x00000034   Code   RO         2997    i.next_id_get       peer_id.o
    0x0002c7ca   0x0002c7ca   0x00000016   Code   RO         6592    i.nrf_atfifo_clear  nrf_atfifo.o
    0x0002c7e0   0x0002c7e0   0x00000028   Code   RO         6594    i.nrf_atfifo_init   nrf_atfifo.o
    0x0002c808   0x0002c808   0x0000001c   Code   RO         6595    i.nrf_atfifo_item_alloc  nrf_atfifo.o
    0x0002c824   0x0002c824   0x0000001c   Code   RO         6596    i.nrf_atfifo_item_free  nrf_atfifo.o
    0x0002c840   0x0002c840   0x0000001c   Code   RO         6597    i.nrf_atfifo_item_get  nrf_atfifo.o
    0x0002c85c   0x0002c85c   0x0000001c   Code   RO         6598    i.nrf_atfifo_item_put  nrf_atfifo.o
    0x0002c878   0x0002c878   0x0000001e   Code   RO         6663    i.nrf_atflags_clear  nrf_atflags.o
    0x0002c896   0x0002c896   0x0000002e   Code   RO         6665    i.nrf_atflags_fetch_set  nrf_atflags.o
    0x0002c8c4   0x0002c8c4   0x00000060   Code   RO         6667    i.nrf_atflags_find_and_set_flag  nrf_atflags.o
    0x0002c924   0x0002c924   0x0000001e   Code   RO         6668    i.nrf_atflags_get   nrf_atflags.o
    0x0002c942   0x0002c942   0x0000001e   Code   RO         6670    i.nrf_atflags_set   nrf_atflags.o
    0x0002c960   0x0002c960   0x0000000e   Code   RO         5196    i.nrf_atomic_flag_set_fetch  nrf_atomic.o
    0x0002c96e   0x0002c96e   0x00000016   Code   RO         5197    i.nrf_atomic_u32_add  nrf_atomic.o
    0x0002c984   0x0002c984   0x00000016   Code   RO         5198    i.nrf_atomic_u32_and  nrf_atomic.o
    0x0002c99a   0x0002c99a   0x00000016   Code   RO         5200    i.nrf_atomic_u32_fetch_add  nrf_atomic.o
    0x0002c9b0   0x0002c9b0   0x00000016   Code   RO         5202    i.nrf_atomic_u32_fetch_or  nrf_atomic.o
    0x0002c9c6   0x0002c9c6   0x00000016   Code   RO         5203    i.nrf_atomic_u32_fetch_store  nrf_atomic.o
    0x0002c9dc   0x0002c9dc   0x00000016   Code   RO         5207    i.nrf_atomic_u32_or  nrf_atomic.o
    0x0002c9f2   0x0002c9f2   0x00000016   Code   RO         5209    i.nrf_atomic_u32_sub  nrf_atomic.o
    0x0002ca08   0x0002ca08   0x00000016   Code   RO         4367    i.nrf_bitmask_bit_is_set  nrfx_gpiote.o
    0x0002ca1e   0x0002ca1e   0x00000016   Code   RO         4368    i.nrf_bitmask_bit_set  nrfx_gpiote.o
    0x0002ca34   0x0002ca34   0x0000001e   Code   RO         1997    i.nrf_ble_gatt_att_mtu_periph_set  nrf_ble_gatt.o
    0x0002ca52   0x0002ca52   0x00000034   Code   RO         2001    i.nrf_ble_gatt_init  nrf_ble_gatt.o
    0x0002ca86   0x0002ca86   0x000000ae   Code   RO         2002    i.nrf_ble_gatt_on_ble_evt  nrf_ble_gatt.o
    0x0002cb34   0x0002cb34   0x00000020   Code   RO         2114    i.nrf_ble_qwr_conn_handle_assign  nrf_ble_qwr.o
    0x0002cb54   0x0002cb54   0x00000032   Code   RO         2115    i.nrf_ble_qwr_init  nrf_ble_qwr.o
    0x0002cb86   0x0002cb86   0x0000007c   Code   RO         2116    i.nrf_ble_qwr_on_ble_evt  nrf_ble_qwr.o
    0x0002cc02   0x0002cc02   0x00000012   Code   RO         4198    i.nrf_clock_event_check  nrfx_clock.o
    0x0002cc14   0x0002cc14   0x00000012   Code   RO         4199    i.nrf_clock_event_clear  nrfx_clock.o
    0x0002cc26   0x0002cc26   0x00000002   PAD
    0x0002cc28   0x0002cc28   0x0000000c   Code   RO         4200    i.nrf_clock_int_disable  nrfx_clock.o
    0x0002cc34   0x0002cc34   0x00000008   Code   RO         4202    i.nrf_clock_task_trigger  nrfx_clock.o
    0x0002cc3c   0x0002cc3c   0x00000040   Code   RO         3997    i.nrf_drv_clock_init  nrf_drv_clock.o
    0x0002cc7c   0x0002cc7c   0x00000030   Code   RO         4001    i.nrf_drv_clock_lfclk_release  nrf_drv_clock.o
    0x0002ccac   0x0002ccac   0x0000006c   Code   RO         7195    i.nrf_fstorage_erase  nrf_fstorage.o
    0x0002cd18   0x0002cd18   0x0000002a   Code   RO         7196    i.nrf_fstorage_init  nrf_fstorage.o
    0x0002cd42   0x0002cd42   0x00000002   PAD
    0x0002cd44   0x0002cd44   0x0000001c   Code   RO         7284    i.nrf_fstorage_sdh_req_handler  nrf_fstorage_sd.o
    0x0002cd60   0x0002cd60   0x0000002c   Code   RO         7285    i.nrf_fstorage_sdh_state_handler  nrf_fstorage_sd.o
    0x0002cd8c   0x0002cd8c   0x0000008c   Code   RO         7286    i.nrf_fstorage_sys_evt_handler  nrf_fstorage_sd.o
    0x0002ce18   0x0002ce18   0x0000009c   Code   RO         7202    i.nrf_fstorage_write  nrf_fstorage.o
    0x0002ceb4   0x0002ceb4   0x00000028   Code   RO           27    i.nrf_gpio_cfg      main.o
    0x0002cedc   0x0002cedc   0x00000028   Code   RO         1019    i.nrf_gpio_cfg      boards.o
    0x0002cf04   0x0002cf04   0x00000028   Code   RO         4369    i.nrf_gpio_cfg      nrfx_gpiote.o
    0x0002cf2c   0x0002cf2c   0x0000001a   Code   RO           28    i.nrf_gpio_cfg_input  main.o
    0x0002cf46   0x0002cf46   0x00000032   Code   RO         4371    i.nrf_gpio_cfg_sense_set  nrfx_gpiote.o
    0x0002cf78   0x0002cf78   0x00000016   Code   RO           29    i.nrf_gpio_pin_clear  main.o
    0x0002cf8e   0x0002cf8e   0x00000018   Code   RO           30    i.nrf_gpio_pin_read  main.o
    0x0002cfa6   0x0002cfa6   0x00000018   Code   RO         4373    i.nrf_gpio_pin_read  nrfx_gpiote.o
    0x0002cfbe   0x0002cfbe   0x0000003a   Code   RO         1020    i.nrf_gpio_pin_write  boards.o
    0x0002cff8   0x0002cff8   0x00000028   Code   RO         4375    i.nrf_gpio_ports_read  nrfx_gpiote.o
    0x0002d020   0x0002d020   0x0000000c   Code   RO         4376    i.nrf_gpiote_event_addr_get  nrfx_gpiote.o
    0x0002d02c   0x0002d02c   0x0000001c   Code   RO         4377    i.nrf_gpiote_event_clear  nrfx_gpiote.o
    0x0002d048   0x0002d048   0x00000016   Code   RO         4378    i.nrf_gpiote_event_is_set  nrfx_gpiote.o
    0x0002d05e   0x0002d05e   0x00000002   PAD
    0x0002d060   0x0002d060   0x0000000c   Code   RO         4379    i.nrf_gpiote_int_enable  nrfx_gpiote.o
    0x0002d06c   0x0002d06c   0x00000016   Code   RO         2228    i.nrf_mtx_unlock    gatt_cache_manager.o
    0x0002d082   0x0002d082   0x0000000e   Code   RO         5334    i.nrf_pwm_event_check  nrfx_pwm.o
    0x0002d090   0x0002d090   0x0000000e   Code   RO         5335    i.nrf_pwm_event_clear  nrfx_pwm.o
    0x0002d09e   0x0002d09e   0x00000006   Code   RO         5336    i.nrf_pwm_int_set   nrfx_pwm.o
    0x0002d0a4   0x0002d0a4   0x00000006   Code   RO         5337    i.nrf_pwm_loop_set  nrfx_pwm.o
    0x0002d0aa   0x0002d0aa   0x0000003c   Code   RO         5338    i.nrf_pwm_sequence_set  nrfx_pwm.o
    0x0002d0e6   0x0002d0e6   0x00000006   Code   RO         5339    i.nrf_pwm_shorts_set  nrfx_pwm.o
    0x0002d0ec   0x0002d0ec   0x00000006   Code   RO         5340    i.nrf_pwm_task_trigger  nrfx_pwm.o
    0x0002d0f2   0x0002d0f2   0x00000002   PAD
    0x0002d0f4   0x0002d0f4   0x00000040   Code   RO         6946    i.nrf_pwr_mgmt_init  nrf_pwr_mgmt.o
    0x0002d134   0x0002d134   0x00000068   Code   RO         6947    i.nrf_pwr_mgmt_run  nrf_pwr_mgmt.o
    0x0002d19c   0x0002d19c   0x00000010   Code   RO           31    i.nrf_qwr_error_handler  main.o
    0x0002d1ac   0x0002d1ac   0x0000000a   Code   RO         6389    i.nrf_rtc_cc_set    drv_rtc.o
    0x0002d1b6   0x0002d1b6   0x00000008   Code   RO         6390    i.nrf_rtc_counter_get  drv_rtc.o
    0x0002d1be   0x0002d1be   0x0000000e   Code   RO         6391    i.nrf_rtc_event_clear  drv_rtc.o
    0x0002d1cc   0x0002d1cc   0x00000006   Code   RO         6392    i.nrf_rtc_event_disable  drv_rtc.o
    0x0002d1d2   0x0002d1d2   0x00000006   Code   RO         6393    i.nrf_rtc_event_enable  drv_rtc.o
    0x0002d1d8   0x0002d1d8   0x00000006   Code   RO         6394    i.nrf_rtc_int_disable  drv_rtc.o
    0x0002d1de   0x0002d1de   0x00000006   Code   RO         6395    i.nrf_rtc_int_enable  drv_rtc.o
    0x0002d1e4   0x0002d1e4   0x00000006   Code   RO         6396    i.nrf_rtc_task_trigger  drv_rtc.o
    0x0002d1ea   0x0002d1ea   0x00000002   PAD
    0x0002d1ec   0x0002d1ec   0x00000010   Code   RO         5463    i.nrf_saadc_buffer_init  nrfx_saadc.o
    0x0002d1fc   0x0002d1fc   0x00000018   Code   RO         5464    i.nrf_saadc_channel_input_set  nrfx_saadc.o
    0x0002d214   0x0002d214   0x00000014   Code   RO         5465    i.nrf_saadc_event_check  nrfx_saadc.o
    0x0002d228   0x0002d228   0x00000018   Code   RO         5466    i.nrf_saadc_event_clear  nrfx_saadc.o
    0x0002d240   0x0002d240   0x0000000c   Code   RO         5467    i.nrf_saadc_int_disable  nrfx_saadc.o
    0x0002d24c   0x0002d24c   0x0000000c   Code   RO         5468    i.nrf_saadc_int_enable  nrfx_saadc.o
    0x0002d258   0x0002d258   0x00000014   Code   RO         5469    i.nrf_saadc_limit_int_get  nrfx_saadc.o
    0x0002d26c   0x0002d26c   0x0000000c   Code   RO         5470    i.nrf_saadc_task_trigger  nrfx_saadc.o
    0x0002d278   0x0002d278   0x00000018   Code   RO         8447    i.nrf_sdh_ble_app_ram_start_get  nrf_sdh_ble.o
    0x0002d290   0x0002d290   0x000000be   Code   RO         8448    i.nrf_sdh_ble_default_cfg_set  nrf_sdh_ble.o
    0x0002d34e   0x0002d34e   0x00000002   PAD
    0x0002d350   0x0002d350   0x00000024   Code   RO         8449    i.nrf_sdh_ble_enable  nrf_sdh_ble.o
    0x0002d374   0x0002d374   0x00000074   Code   RO         8450    i.nrf_sdh_ble_evts_poll  nrf_sdh_ble.o
    0x0002d3e8   0x0002d3e8   0x00000064   Code   RO         8326    i.nrf_sdh_disable_request  nrf_sdh.o
    0x0002d44c   0x0002d44c   0x00000084   Code   RO         8327    i.nrf_sdh_enable_request  nrf_sdh.o
    0x0002d4d0   0x0002d4d0   0x00000030   Code   RO         8328    i.nrf_sdh_evts_poll  nrf_sdh.o
    0x0002d500   0x0002d500   0x0000000c   Code   RO         8329    i.nrf_sdh_is_enabled  nrf_sdh.o
    0x0002d50c   0x0002d50c   0x00000028   Code   RO         8331    i.nrf_sdh_request_continue  nrf_sdh.o
    0x0002d534   0x0002d534   0x00000054   Code   RO         8503    i.nrf_sdh_soc_evts_poll  nrf_sdh_soc.o
    0x0002d588   0x0002d588   0x00000006   Code   RO         8334    i.nrf_section_iter_get  nrf_sdh.o
    0x0002d58e   0x0002d58e   0x00000014   Code   RO         7081    i.nrf_section_iter_init  nrf_section_iter.o
    0x0002d5a2   0x0002d5a2   0x0000002e   Code   RO         7082    i.nrf_section_iter_item_set  nrf_section_iter.o
    0x0002d5d0   0x0002d5d0   0x0000002e   Code   RO         7083    i.nrf_section_iter_next  nrf_section_iter.o
    0x0002d5fe   0x0002d5fe   0x00000028   Code   RO         7116    i.nrf_sortlist_add  nrf_sortlist.o
    0x0002d626   0x0002d626   0x00000008   Code   RO         7118    i.nrf_sortlist_peek  nrf_sortlist.o
    0x0002d62e   0x0002d62e   0x00000018   Code   RO         7119    i.nrf_sortlist_pop  nrf_sortlist.o
    0x0002d646   0x0002d646   0x00000026   Code   RO         7120    i.nrf_sortlist_remove  nrf_sortlist.o
    0x0002d66c   0x0002d66c   0x00000014   Code   RO         4208    i.nrfx_clock_enable  nrfx_clock.o
    0x0002d680   0x0002d680   0x00000024   Code   RO         4211    i.nrfx_clock_init   nrfx_clock.o
    0x0002d6a4   0x0002d6a4   0x00000020   Code   RO         4214    i.nrfx_clock_lfclk_stop  nrfx_clock.o
    0x0002d6c4   0x0002d6c4   0x00000018   Code   RO         5471    i.nrfx_coredep_delay_us  nrfx_saadc.o
    0x0002d6dc   0x0002d6dc   0x00000018   Code   RO         6397    i.nrfx_coredep_delay_us  drv_rtc.o
    0x0002d6f4   0x0002d6f4   0x00000008   Code   RO         4216    i.nrfx_get_irq_number  nrfx_clock.o
    0x0002d6fc   0x0002d6fc   0x00000008   Code   RO         5341    i.nrfx_get_irq_number  nrfx_pwm.o
    0x0002d704   0x0002d704   0x00000054   Code   RO         4385    i.nrfx_gpiote_in_event_disable  nrfx_gpiote.o
    0x0002d758   0x0002d758   0x000000ac   Code   RO         4386    i.nrfx_gpiote_in_event_enable  nrfx_gpiote.o
    0x0002d804   0x0002d804   0x000000f4   Code   RO         4387    i.nrfx_gpiote_in_init  nrfx_gpiote.o
    0x0002d8f8   0x0002d8f8   0x00000014   Code   RO         4388    i.nrfx_gpiote_in_is_set  nrfx_gpiote.o
    0x0002d90c   0x0002d90c   0x000000ac   Code   RO         4390    i.nrfx_gpiote_init  nrfx_gpiote.o
    0x0002d9b8   0x0002d9b8   0x00000014   Code   RO         4391    i.nrfx_gpiote_is_init  nrfx_gpiote.o
    0x0002d9cc   0x0002d9cc   0x000000a4   Code   RO         4217    i.nrfx_power_clock_irq_init  nrfx_clock.o
    0x0002da70   0x0002da70   0x00000108   Code   RO         5343    i.nrfx_pwm_init     nrfx_pwm.o
    0x0002db78   0x0002db78   0x00000084   Code   RO         5345    i.nrfx_pwm_simple_playback  nrfx_pwm.o
    0x0002dbfc   0x0002dbfc   0x00000044   Code   RO         5347    i.nrfx_pwm_uninit   nrfx_pwm.o
    0x0002dc40   0x0002dc40   0x000000c0   Code   RO         5473    i.nrfx_saadc_buffer_convert  nrfx_saadc.o
    0x0002dd00   0x0002dd00   0x000000d8   Code   RO         5475    i.nrfx_saadc_channel_init  nrfx_saadc.o
    0x0002ddd8   0x0002ddd8   0x00000058   Code   RO         5476    i.nrfx_saadc_channel_uninit  nrfx_saadc.o
    0x0002de30   0x0002de30   0x000000e8   Code   RO         5477    i.nrfx_saadc_init   nrfx_saadc.o
    0x0002df18   0x0002df18   0x000000b0   Code   RO         5479    i.nrfx_saadc_limits_set  nrfx_saadc.o
    0x0002dfc8   0x0002dfc8   0x00000030   Code   RO         5480    i.nrfx_saadc_sample  nrfx_saadc.o
    0x0002dff8   0x0002dff8   0x00000090   Code   RO         5483    i.nrfx_saadc_uninit  nrfx_saadc.o
    0x0002e088   0x0002e088   0x00000048   Code   RO           32    i.on_adv_evt        main.o
    0x0002e0d0   0x0002e0d0   0x00000014   Code   RO         6119    i.on_compare1_evt   app_timer2.o
    0x0002e0e4   0x0002e0e4   0x00000020   Code   RO         6120    i.on_compare_evt    app_timer2.o
    0x0002e104   0x0002e104   0x0000002c   Code   RO           33    i.on_conn_params_evt  main.o
    0x0002e130   0x0002e130   0x00000030   Code   RO         1484    i.on_conn_params_update  ble_conn_params.o
    0x0002e160   0x0002e160   0x00000070   Code   RO         1485    i.on_connect        ble_conn_params.o
    0x0002e1d0   0x0002e1d0   0x00000074   Code   RO         3936    i.on_connect        my_ble_uarts.o
    0x0002e244   0x0002e244   0x0000000e   Code   RO         1593    i.on_connected      ble_advertising.o
    0x0002e252   0x0002e252   0x00000066   Code   RO         2003    i.on_connected_evt  nrf_ble_gatt.o
    0x0002e2b8   0x0002e2b8   0x00000054   Code   RO         2004    i.on_data_length_update_evt  nrf_ble_gatt.o
    0x0002e30c   0x0002e30c   0x00000030   Code   RO         2005    i.on_data_length_update_request_evt  nrf_ble_gatt.o
    0x0002e33c   0x0002e33c   0x00000032   Code   RO         1486    i.on_disconnect     ble_conn_params.o
    0x0002e36e   0x0002e36e   0x00000032   Code   RO         1594    i.on_disconnected   ble_advertising.o
    0x0002e3a0   0x0002e3a0   0x00000014   Code   RO         2006    i.on_disconnected_evt  nrf_ble_gatt.o
    0x0002e3b4   0x0002e3b4   0x0000006c   Code   RO         2007    i.on_exchange_mtu_request_evt  nrf_ble_gatt.o
    0x0002e420   0x0002e420   0x00000064   Code   RO         2008    i.on_exchange_mtu_rsp_evt  nrf_ble_gatt.o
    0x0002e484   0x0002e484   0x0000003e   Code   RO         3937    i.on_hvx_tx_complete  my_ble_uarts.o
    0x0002e4c2   0x0002e4c2   0x00000002   PAD
    0x0002e4c4   0x0002e4c4   0x00000024   Code   RO         7287    i.on_operation_failure  nrf_fstorage_sd.o
    0x0002e4e8   0x0002e4e8   0x00000060   Code   RO         7288    i.on_operation_success  nrf_fstorage_sd.o
    0x0002e548   0x0002e548   0x0000001c   Code   RO         6121    i.on_overflow_evt   app_timer2.o
    0x0002e564   0x0002e564   0x0000006a   Code   RO         2117    i.on_rw_authorize_request  nrf_ble_qwr.o
    0x0002e5ce   0x0002e5ce   0x00000040   Code   RO         1595    i.on_terminated     ble_advertising.o
    0x0002e60e   0x0002e60e   0x00000002   Code   RO         2118    i.on_user_mem_release  nrf_ble_qwr.o
    0x0002e610   0x0002e610   0x00000020   Code   RO         2119    i.on_user_mem_request  nrf_ble_qwr.o
    0x0002e630   0x0002e630   0x00000058   Code   RO         1487    i.on_write          ble_conn_params.o
    0x0002e688   0x0002e688   0x00000094   Code   RO         3938    i.on_write          my_ble_uarts.o
    0x0002e71c   0x0002e71c   0x00000034   Code   RO         7460    i.page_can_tag      fds.o
    0x0002e750   0x0002e750   0x00000048   Code   RO         7461    i.page_from_record  fds.o
    0x0002e798   0x0002e798   0x00000034   Code   RO         7462    i.page_has_space    fds.o
    0x0002e7cc   0x0002e7cc   0x00000030   Code   RO         7463    i.page_identify     fds.o
    0x0002e7fc   0x0002e7fc   0x0000001c   Code   RO         7464    i.page_offsets_update  fds.o
    0x0002e818   0x0002e818   0x00000078   Code   RO         7465    i.page_scan         fds.o
    0x0002e890   0x0002e890   0x00000020   Code   RO         7466    i.page_tag_write_data  fds.o
    0x0002e8b0   0x0002e8b0   0x00000024   Code   RO         7467    i.page_tag_write_swap  fds.o
    0x0002e8d4   0x0002e8d4   0x00000170   Code   RO         7468    i.pages_init        fds.o
    0x0002ea44   0x0002ea44   0x00000014   Code   RO         3573    i.pairing           security_dispatcher.o
    0x0002ea58   0x0002ea58   0x00000054   Code   RO         3574    i.pairing_failure   security_dispatcher.o
    0x0002eaac   0x0002eaac   0x00000034   Code   RO         3575    i.pairing_success_evt_send  security_dispatcher.o
    0x0002eae0   0x0002eae0   0x00000010   Code   RO         3757    i.params_reply_pending_handle  security_manager.o
    0x0002eaf0   0x0002eaf0   0x00000022   Code   RO         3758    i.params_req_send   security_manager.o
    0x0002eb12   0x0002eb12   0x00000002   PAD
    0x0002eb14   0x0002eb14   0x00000020   Code   RO         2846    i.pdb_evt_send      peer_database.o
    0x0002eb34   0x0002eb34   0x0000006c   Code   RO         2848    i.pdb_pds_evt_handler  peer_database.o
    0x0002eba0   0x0002eba0   0x00000016   Code   RO         2849    i.pdb_peer_data_ptr_get  peer_database.o
    0x0002ebb6   0x0002ebb6   0x00000052   Code   RO         2850    i.pdb_peer_free     peer_database.o
    0x0002ec08   0x0002ec08   0x000000cc   Code   RO         2851    i.pdb_write_buf_get  peer_database.o
    0x0002ecd4   0x0002ecd4   0x00000020   Code   RO         2852    i.pdb_write_buf_release  peer_database.o
    0x0002ecf4   0x0002ecf4   0x00000044   Code   RO         2853    i.pdb_write_buf_store  peer_database.o
    0x0002ed38   0x0002ed38   0x00000024   Code   RO         2674    i.pds_evt_send      peer_data_storage.o
    0x0002ed5c   0x0002ed5c   0x0000000c   Code   RO         2676    i.pds_next_deleted_peer_id_get  peer_data_storage.o
    0x0002ed68   0x0002ed68   0x0000000c   Code   RO         2677    i.pds_next_peer_id_get  peer_data_storage.o
    0x0002ed74   0x0002ed74   0x0000006c   Code   RO         2680    i.pds_peer_data_iterate  peer_data_storage.o
    0x0002ede0   0x0002ede0   0x00000010   Code   RO         2681    i.pds_peer_data_iterate_prepare  peer_data_storage.o
    0x0002edf0   0x0002edf0   0x0000009a   Code   RO         2682    i.pds_peer_data_read  peer_data_storage.o
    0x0002ee8a   0x0002ee8a   0x0000009a   Code   RO         2683    i.pds_peer_data_store  peer_data_storage.o
    0x0002ef24   0x0002ef24   0x0000000c   Code   RO         2684    i.pds_peer_id_allocate  peer_data_storage.o
    0x0002ef30   0x0002ef30   0x0000001e   Code   RO         2685    i.pds_peer_id_free  peer_data_storage.o
    0x0002ef4e   0x0002ef4e   0x0000000c   Code   RO         2686    i.pds_peer_id_is_allocated  peer_data_storage.o
    0x0002ef5a   0x0002ef5a   0x0000001c   Code   RO         2854    i.peer_data_const_point_to_buffer  peer_database.o
    0x0002ef76   0x0002ef76   0x00000002   PAD
    0x0002ef78   0x0002ef78   0x00000084   Code   RO         2688    i.peer_data_delete_process  peer_data_storage.o
    0x0002effc   0x0002effc   0x00000040   Code   RO         2689    i.peer_data_find    peer_data_storage.o
    0x0002f03c   0x0002f03c   0x00000026   Code   RO         2690    i.peer_data_id_is_valid  peer_data_storage.o
    0x0002f062   0x0002f062   0x0000000a   Code   RO         2691    i.peer_data_id_to_record_key  peer_data_storage.o
    0x0002f06c   0x0002f06c   0x0000001a   Code   RO         2855    i.peer_data_point_to_buffer  peer_database.o
    0x0002f086   0x0002f086   0x00000002   PAD
    0x0002f088   0x0002f088   0x00000014   Code   RO         2998    i.peer_id_allocate  peer_id.o
    0x0002f09c   0x0002f09c   0x0000002c   Code   RO         2999    i.peer_id_delete    peer_id.o
    0x0002f0c8   0x0002f0c8   0x0000001c   Code   RO         3000    i.peer_id_free      peer_id.o
    0x0002f0e4   0x0002f0e4   0x00000014   Code   RO         3001    i.peer_id_get_next_deleted  peer_id.o
    0x0002f0f8   0x0002f0f8   0x00000038   Code   RO         3002    i.peer_id_get_next_used  peer_id.o
    0x0002f130   0x0002f130   0x0000001c   Code   RO         3004    i.peer_id_is_allocated  peer_id.o
    0x0002f14c   0x0002f14c   0x0000001c   Code   RO         3005    i.peer_id_is_deleted  peer_id.o
    0x0002f168   0x0002f168   0x0000000a   Code   RO         2692    i.peer_id_to_file_id  peer_data_storage.o
    0x0002f172   0x0002f172   0x00000016   Code   RO         1596    i.phy_is_valid      ble_advertising.o
    0x0002f188   0x0002f188   0x00000014   Code   RO         4407    i.pin_configured_set  nrfx_gpiote.o
    0x0002f19c   0x0002f19c   0x0000001c   Code   RO         4408    i.pin_in_use_by_gpiote  nrfx_gpiote.o
    0x0002f1b8   0x0002f1b8   0x00000018   Code   RO         4409    i.pin_in_use_by_port  nrfx_gpiote.o
    0x0002f1d0   0x0002f1d0   0x00000020   Code   RO         4410    i.pin_in_use_by_te  nrfx_gpiote.o
    0x0002f1f0   0x0002f1f0   0x0000000c   Code   RO         4411    i.pin_in_use_clear  nrfx_gpiote.o
    0x0002f1fc   0x0002f1fc   0x00000062   Code   RO         3506    i.pm_buffer_block_acquire  pm_buffer.o
    0x0002f25e   0x0002f25e   0x00000030   Code   RO         3508    i.pm_buffer_ptr_get  pm_buffer.o
    0x0002f28e   0x0002f28e   0x00000028   Code   RO         3509    i.pm_buffer_release  pm_buffer.o
    0x0002f2b6   0x0002f2b6   0x0000000c   Code   RO         3101    i.pm_gcm_evt_handler  peer_manager.o
    0x0002f2c2   0x0002f2c2   0x0000000c   Code   RO         3102    i.pm_gscm_evt_handler  peer_manager.o
    0x0002f2ce   0x0002f2ce   0x0000000c   Code   RO         3105    i.pm_im_evt_handler  peer_manager.o
    0x0002f2da   0x0002f2da   0x00000002   PAD
    0x0002f2dc   0x0002f2dc   0x0000017c   Code   RO         3110    i.pm_pdb_evt_handler  peer_manager.o
    0x0002f458   0x0002f458   0x000000dc   Code   RO         3126    i.pm_peer_ranks_get  peer_manager.o
    0x0002f534   0x0002f534   0x00000016   Code   RO         3133    i.pm_sm_evt_handler  peer_manager.o
    0x0002f54a   0x0002f54a   0x0000001c   Code   RO           34    i.power_management_init  main.o
    0x0002f566   0x0002f566   0x00000002   PAD
    0x0002f568   0x0002f568   0x000000f0   Code   RO          669    i.pwm_common_init   led_ctrl.o
    0x0002f658   0x0002f658   0x00000018   Code   RO          670    i.pwm_play          led_ctrl.o
    0x0002f670   0x0002f670   0x00000020   Code   RO         7469    i.queue_buf_get     fds.o
    0x0002f690   0x0002f690   0x00000014   Code   RO         7470    i.queue_buf_store   fds.o
    0x0002f6a4   0x0002f6a4   0x00000018   Code   RO         7289    i.queue_free        nrf_fstorage_sd.o
    0x0002f6bc   0x0002f6bc   0x00000014   Code   RO         7471    i.queue_free        fds.o
    0x0002f6d0   0x0002f6d0   0x00000018   Code   RO         7472    i.queue_has_next    fds.o
    0x0002f6e8   0x0002f6e8   0x0000001c   Code   RO         7473    i.queue_init        fds.o
    0x0002f704   0x0002f704   0x00000014   Code   RO         7474    i.queue_load        fds.o
    0x0002f718   0x0002f718   0x0000002c   Code   RO         7290    i.queue_load_next   nrf_fstorage_sd.o
    0x0002f744   0x0002f744   0x00000090   Code   RO         7291    i.queue_process     nrf_fstorage_sd.o
    0x0002f7d4   0x0002f7d4   0x000000c4   Code   RO         7475    i.queue_process     fds.o
    0x0002f898   0x0002f898   0x0000001c   Code   RO         7292    i.queue_start       nrf_fstorage_sd.o
    0x0002f8b4   0x0002f8b4   0x00000018   Code   RO         7476    i.queue_start       fds.o
    0x0002f8cc   0x0002f8cc   0x00000040   Code   RO         3137    i.rank_vars_update  peer_manager.o
    0x0002f90c   0x0002f90c   0x0000001c   Code   RO         7293    i.read              nrf_fstorage_sd.o
    0x0002f928   0x0002f928   0x00000074   Code   RO          793    i.read_deviceid_record  board_flash_fstorage.o
    0x0002f99c   0x0002f99c   0x00000074   Code   RO          794    i.read_ledinfor_record  board_flash_fstorage.o
    0x0002fa10   0x0002fa10   0x00000078   Code   RO         2856    i.reattempt_previous_operations  peer_database.o
    0x0002fa88   0x0002fa88   0x00000058   Code   RO          562    i.receive_date_parser  procrex.o
    0x0002fae0   0x0002fae0   0x00000028   Code   RO         1755    i.record_activate   ble_conn_state.o
    0x0002fb08   0x0002fb08   0x00000094   Code   RO         7477    i.record_find       fds.o
    0x0002fb9c   0x0002fb9c   0x0000003c   Code   RO         7478    i.record_find_and_delete  fds.o
    0x0002fbd8   0x0002fbd8   0x0000007c   Code   RO         7479    i.record_find_by_desc  fds.o
    0x0002fc54   0x0002fc54   0x00000078   Code   RO         7480    i.record_find_next  fds.o
    0x0002fccc   0x0002fccc   0x00000040   Code   RO         7481    i.record_header_flag_dirty  fds.o
    0x0002fd0c   0x0002fd0c   0x0000002c   Code   RO         7482    i.record_header_write_begin  fds.o
    0x0002fd38   0x0002fd38   0x00000038   Code   RO         7483    i.record_header_write_finalize  fds.o
    0x0002fd70   0x0002fd70   0x00000038   Code   RO         7484    i.record_header_write_id  fds.o
    0x0002fda8   0x0002fda8   0x00000010   Code   RO         7485    i.record_id_new     fds.o
    0x0002fdb8   0x0002fdb8   0x00000020   Code   RO         1756    i.record_invalidate  ble_conn_state.o
    0x0002fdd8   0x0002fdd8   0x00000048   Code   RO         1757    i.record_purge_disconnected  ble_conn_state.o
    0x0002fe20   0x0002fe20   0x00000014   Code   RO         1758    i.record_set_disconnected  ble_conn_state.o
    0x0002fe34   0x0002fe34   0x00000030   Code   RO         7486    i.record_write_data  fds.o
    0x0002fe64   0x0002fe64   0x00000014   Code   RO         3007    i.release           peer_id.o
    0x0002fe78   0x0002fe78   0x00000006   Code   RO         7294    i.rmap              nrf_fstorage_sd.o
    0x0002fe7e   0x0002fe7e   0x0000003e   Code   RO         6122    i.rtc_irq           app_timer2.o
    0x0002febc   0x0002febc   0x0000007c   Code   RO         6123    i.rtc_schedule      app_timer2.o
    0x0002ff38   0x0002ff38   0x000000a4   Code   RO         6124    i.rtc_update        app_timer2.o
    0x0002ffdc   0x0002ffdc   0x000003f0   Code   RO          879    i.saadc_callback    bat_volt_check.o
    0x000303cc   0x000303cc   0x0000007c   Code   RO          880    i.saadc_init        bat_volt_check.o
    0x00030448   0x00030448   0x00000012   Code   RO          881    i.saadc_timeout_handler  bat_volt_check.o
    0x0003045a   0x0003045a   0x00000008   Code   RO          882    i.saadc_uinit       bat_volt_check.o
    0x00030462   0x00030462   0x00000002   PAD
    0x00030464   0x00030464   0x00000020   Code   RO         2229    i.sc_send_pending_handle  gatt_cache_manager.o
    0x00030484   0x00030484   0x00000098   Code   RO         8335    i.sd_nvic_EnableIRQ  nrf_sdh.o
    0x0003051c   0x0003051c   0x00000068   Code   RO         5838    i.sd_nvic_critical_region_enter  app_util_platform.o
    0x00030584   0x00030584   0x00000068   Code   RO         4004    i.sd_state_evt_handler  nrf_drv_clock.o
    0x000305ec   0x000305ec   0x0000003c   Code   RO         8336    i.sdh_request_observer_notify  nrf_sdh.o
    0x00030628   0x00030628   0x00000034   Code   RO         8337    i.sdh_state_observer_notify  nrf_sdh.o
    0x0003065c   0x0003065c   0x000000b0   Code   RO         3576    i.sec_info_request_process  security_dispatcher.o
    0x0003070c   0x0003070c   0x00000074   Code   RO         3577    i.sec_keyset_fill   security_dispatcher.o
    0x00030780   0x00030780   0x00000030   Code   RO         3578    i.sec_params_request_process  security_dispatcher.o
    0x000307b0   0x000307b0   0x00000058   Code   RO         3579    i.sec_proc_start    security_dispatcher.o
    0x00030808   0x00030808   0x00000068   Code   RO         3760    i.sec_req_process   security_manager.o
    0x00030870   0x00030870   0x00000028   Code   RO         3580    i.sec_start_send    security_dispatcher.o
    0x00030898   0x00030898   0x00000022   Code   RO         3581    i.send_config_req   security_dispatcher.o
    0x000308ba   0x000308ba   0x00000002   PAD
    0x000308bc   0x000308bc   0x00000018   Code   RO         1488    i.send_error_evt    ble_conn_params.o
    0x000308d4   0x000308d4   0x00000028   Code   RO         3582    i.send_params_req   security_dispatcher.o
    0x000308fc   0x000308fc   0x00000024   Code   RO         3583    i.send_storage_full_evt  security_dispatcher.o
    0x00030920   0x00030920   0x00000028   Code   RO         2230    i.send_unexpected_error  gatt_cache_manager.o
    0x00030948   0x00030948   0x00000028   Code   RO         2696    i.send_unexpected_error  peer_data_storage.o
    0x00030970   0x00030970   0x00000028   Code   RO         3584    i.send_unexpected_error  security_dispatcher.o
    0x00030998   0x00030998   0x0000001e   Code   RO         3761    i.send_unexpected_error  security_manager.o
    0x000309b6   0x000309b6   0x00000024   Code   RO         1489    i.send_update_request  ble_conn_params.o
    0x000309da   0x000309da   0x00000002   PAD
    0x000309dc   0x000309dc   0x00000074   Code   RO         2231    i.service_changed_cccd  gatt_cache_manager.o
    0x00030a50   0x00030a50   0x00000020   Code   RO         2232    i.service_changed_needed  gatt_cache_manager.o
    0x00030a70   0x00030a70   0x00000018   Code   RO         2233    i.service_changed_pending_flags_check  gatt_cache_manager.o
    0x00030a88   0x00030a88   0x0000007c   Code   RO         2419    i.service_changed_pending_set  gatts_cache_manager.o
    0x00030b04   0x00030b04   0x000000bc   Code   RO         2234    i.service_changed_send_in_evt  gatt_cache_manager.o
    0x00030bc0   0x00030bc0   0x00000096   Code   RO         1364    i.service_data_encode  ble_advdata.o
    0x00030c56   0x00030c56   0x00000002   PAD
    0x00030c58   0x00030c58   0x000000ac   Code   RO           35    i.services_init     main.o
    0x00030d04   0x00030d04   0x00000030   Code   RO         1597    i.set_adv_mode_directed  ble_advertising.o
    0x00030d34   0x00030d34   0x00000024   Code   RO         1598    i.set_adv_mode_directed_high_duty  ble_advertising.o
    0x00030d58   0x00030d58   0x0000005c   Code   RO         1599    i.set_adv_mode_fast  ble_advertising.o
    0x00030db4   0x00030db4   0x0000005c   Code   RO         1600    i.set_adv_mode_slow  ble_advertising.o
    0x00030e10   0x00030e10   0x000000be   Code   RO         1932    i.set_security_req  ble_srv_common.o
    0x00030ece   0x00030ece   0x0000004c   Code   RO           36    i.sleep_mode_enter  main.o
    0x00030f1a   0x00030f1a   0x00000002   PAD
    0x00030f1c   0x00030f1c   0x00000034   Code   RO         3762    i.sm_ble_evt_handler  security_manager.o
    0x00030f50   0x00030f50   0x0000009a   Code   RO         3764    i.sm_conn_sec_status_get  security_manager.o
    0x00030fea   0x00030fea   0x00000002   PAD
    0x00030fec   0x00030fec   0x00000058   Code   RO         3768    i.sm_pdb_evt_handler  security_manager.o
    0x00031044   0x00031044   0x00000030   Code   RO         3769    i.sm_sec_is_sufficient  security_manager.o
    0x00031074   0x00031074   0x00000032   Code   RO         3772    i.sm_smd_evt_handler  security_manager.o
    0x000310a6   0x000310a6   0x0000004c   Code   RO         3585    i.smd_ble_evt_handler  security_dispatcher.o
    0x000310f2   0x000310f2   0x00000028   Code   RO         3588    i.smd_link_secure   security_dispatcher.o
    0x0003111a   0x0003111a   0x00000002   PAD
    0x0003111c   0x0003111c   0x000000c0   Code   RO         3589    i.smd_params_reply  security_dispatcher.o
    0x000311dc   0x000311dc   0x00000040   Code   RO         3773    i.smd_params_reply_perform  security_manager.o
    0x0003121c   0x0003121c   0x0000001c   Code   RO         4005    i.soc_evt_handler   nrf_drv_clock.o
    0x00031238   0x00031238   0x0000006c   Code   RO         8338    i.softdevice_evt_irq_disable  nrf_sdh.o
    0x000312a4   0x000312a4   0x0000001e   Code   RO         8339    i.softdevices_evt_irq_enable  nrf_sdh.o
    0x000312c2   0x000312c2   0x00000014   Code   RO         6125    i.sorted_list_stop_all  app_timer2.o
    0x000312d6   0x000312d6   0x00000002   PAD
    0x000312d8   0x000312d8   0x00000018   Code   RO         6126    i.sortlist_pop      app_timer2.o
    0x000312f0   0x000312f0   0x0000006a   Code   RO         5348    i.start_playback    nrfx_pwm.o
    0x0003135a   0x0003135a   0x00000018   Code   RO         1239    i.startup_event_extract  bsp_btn_ble.o
    0x00031372   0x00031372   0x00000002   PAD
    0x00031374   0x00031374   0x00000020   Code   RO         5627    i.state_get         app_button.o
    0x00031394   0x00031394   0x00000048   Code   RO         5628    i.state_set         app_button.o
    0x000313dc   0x000313dc   0x00000058   Code   RO          671    i.stop_all_light_timer  led_ctrl.o
    0x00031434   0x00031434   0x0000004c   Code   RO         2235    i.store_car_value   gatt_cache_manager.o
    0x00031480   0x00031480   0x0000000a   Code   RO         6398    i.ticks_sub         drv_rtc.o
    0x0003148a   0x0003148a   0x00000002   PAD
    0x0003148c   0x0003148c   0x0000006c   Code   RO         6127    i.timer_expire      app_timer2.o
    0x000314f8   0x000314f8   0x00000094   Code   RO         6128    i.timer_req_process  app_timer2.o
    0x0003158c   0x0003158c   0x00000040   Code   RO         6129    i.timer_req_schedule  app_timer2.o
    0x000315cc   0x000315cc   0x00000020   Code   RO         5629    i.timer_start       app_button.o
    0x000315ec   0x000315ec   0x00000090   Code   RO           37    i.timers_init       main.o
    0x0003167c   0x0003167c   0x0000003c   Code   RO         5630    i.touch_button_disable  app_button.o
    0x000316b8   0x000316b8   0x00000018   Code   RO         5631    i.touch_button_enable  app_button.o
    0x000316d0   0x000316d0   0x00000036   Code   RO         1365    i.tx_power_level_encode  ble_advdata.o
    0x00031706   0x00031706   0x00000002   PAD
    0x00031708   0x00031708   0x00000054   Code   RO           41    i.uarts_data_handler  main.o
    0x0003175c   0x0003175c   0x0000000c   Code   RO         1933    i.uint16_decode     ble_srv_common.o
    0x00031768   0x00031768   0x0000000c   Code   RO         1366    i.uint16_encode     ble_advdata.o
    0x00031774   0x00031774   0x00000024   Code   RO         7295    i.uninit            nrf_fstorage_sd.o
    0x00031798   0x00031798   0x00000034   Code   RO         2236    i.update_pending_flags_check  gatt_cache_manager.o
    0x000317cc   0x000317cc   0x00000074   Code   RO         1490    i.update_timeout_handler  ble_conn_params.o
    0x00031840   0x00031840   0x0000001e   Code   RO         1601    i.use_whitelist     ble_advertising.o
    0x0003185e   0x0003185e   0x00000002   PAD
    0x00031860   0x00031860   0x00000014   Code   RO         1759    i.user_flag_is_acquired  ble_conn_state.o
    0x00031874   0x00031874   0x0000002c   Code   RO         2120    i.user_mem_reply    nrf_ble_qwr.o
    0x000318a0   0x000318a0   0x0000001e   Code   RO         5632    i.usr_event         app_button.o
    0x000318be   0x000318be   0x0000004e   Code   RO         1367    i.uuid_list_encode  ble_advdata.o
    0x0003190c   0x0003190c   0x000000d6   Code   RO         1368    i.uuid_list_sized_encode  ble_advdata.o
    0x000319e2   0x000319e2   0x00000002   PAD
    0x000319e4   0x000319e4   0x00000014   Code   RO          795    i.wait_for_fds_ready  board_flash_fstorage.o
    0x000319f8   0x000319f8   0x00000008   Code   RO         1602    i.whitelist_has_entries  ble_advertising.o
    0x00031a00   0x00031a00   0x00000006   Code   RO         7296    i.wmap              nrf_fstorage_sd.o
    0x00031a06   0x00031a06   0x00000002   PAD
    0x00031a08   0x00031a08   0x00000054   Code   RO         7297    i.write             nrf_fstorage_sd.o
    0x00031a5c   0x00031a5c   0x00000038   Code   RO         2857    i.write_buf_length_words_set  peer_database.o
    0x00031a94   0x00031a94   0x000000ac   Code   RO         2858    i.write_buf_store   peer_database.o
    0x00031b40   0x00031b40   0x00000042   Code   RO         2859    i.write_buf_store_in_event  peer_database.o
    0x00031b82   0x00031b82   0x00000024   Code   RO         2860    i.write_buffer_record_acquire  peer_database.o
    0x00031ba6   0x00031ba6   0x0000004c   Code   RO         2861    i.write_buffer_record_find  peer_database.o
    0x00031bf2   0x00031bf2   0x00000002   PAD
    0x00031bf4   0x00031bf4   0x00000034   Code   RO         2862    i.write_buffer_record_find_next  peer_database.o
    0x00031c28   0x00031c28   0x00000030   Code   RO         2863    i.write_buffer_record_find_stored  peer_database.o
    0x00031c58   0x00031c58   0x0000000e   Code   RO         2864    i.write_buffer_record_find_unused  peer_database.o
    0x00031c66   0x00031c66   0x00000024   Code   RO         2865    i.write_buffer_record_invalidate  peer_database.o
    0x00031c8a   0x00031c8a   0x00000002   PAD
    0x00031c8c   0x00031c8c   0x00000028   Code   RO         2866    i.write_buffer_record_release  peer_database.o
    0x00031cb4   0x00031cb4   0x00000054   Code   RO          796    i.write_deviceid_fds  board_flash_fstorage.o
    0x00031d08   0x00031d08   0x000000e8   Code   RO         7488    i.write_enqueue     fds.o
    0x00031df0   0x00031df0   0x00000058   Code   RO         7298    i.write_execute     nrf_fstorage_sd.o
    0x00031e48   0x00031e48   0x000000c8   Code   RO         7489    i.write_execute     fds.o
    0x00031f10   0x00031f10   0x00000054   Code   RO          797    i.write_ledinfor_fds  board_flash_fstorage.o
    0x00031f64   0x00031f64   0x00000024   Code   RO         7490    i.write_space_free  fds.o
    0x00031f88   0x00031f88   0x0000007c   Code   RO         7491    i.write_space_reserve  fds.o
    0x00032004   0x00032004   0x00000024   Data   RO           43    .constdata          main.o
    0x00032028   0x00032028   0x0000004a   Data   RO          673    .constdata          led_ctrl.o
    0x00032072   0x00032072   0x00000002   PAD
    0x00032074   0x00032074   0x00000018   Data   RO          799    .constdata          board_flash_fstorage.o
    0x0003208c   0x0003208c   0x00000019   Data   RO          884    .constdata          bat_volt_check.o
    0x000320a5   0x000320a5   0x00000003   PAD
    0x000320a8   0x000320a8   0x00000004   Data   RO          965    .constdata          led_alarm.o
    0x000320ac   0x000320ac   0x00000008   Data   RO         1021    .constdata          boards.o
    0x000320b4   0x000320b4   0x0000002c   Data   RO         1136    .constdata          bsp.o
    0x000320e0   0x000320e0   0x00000016   Data   RO         2009    .constdata          nrf_ble_gatt.o
    0x000320f6   0x000320f6   0x00000002   PAD
    0x000320f8   0x000320f8   0x0000006c   Data   RO         2237    .constdata          gatt_cache_manager.o
    0x00032164   0x00032164   0x00000018   Data   RO         2420    .constdata          gatts_cache_manager.o
    0x0003217c   0x0003217c   0x00000008   Data   RO         2528    .constdata          id_manager.o
    0x00032184   0x00032184   0x00000018   Data   RO         2697    .constdata          peer_data_storage.o
    0x0003219c   0x0003219c   0x00000010   Data   RO         2868    .constdata          peer_database.o
    0x000321ac   0x000321ac   0x00000078   Data   RO         3591    .constdata          security_dispatcher.o
    0x00032224   0x00032224   0x00000005   Data   RO         3774    .constdata          security_manager.o
    0x00032229   0x00032229   0x00000003   PAD
    0x0003222c   0x0003222c   0x00000010   Data   RO         3939    .constdata          my_ble_uarts.o
    0x0003223c   0x0003223c   0x0000003e   Data   RO         4413    .constdata          nrfx_gpiote.o
    0x0003227a   0x0003227a   0x00000006   PAD
    0x00032280   0x00032280   0x000000aa   Data   RO         5485    .constdata          nrfx_saadc.o
    0x0003232a   0x0003232a   0x00000002   PAD
    0x0003232c   0x0003232c   0x00000007   Data   RO         5634    .constdata          app_button.o
    0x00032333   0x00032333   0x00000001   PAD
    0x00032334   0x00032334   0x00000014   Data   RO         6131    .constdata          app_timer2.o
    0x00032348   0x00032348   0x00000008   PAD
    0x00032350   0x00032350   0x00000006   Data   RO         6399    .constdata          drv_rtc.o
    0x00032356   0x00032356   0x00000002   PAD
    0x00032358   0x00032358   0x00000024   Data   RO         6951    .constdata          nrf_pwr_mgmt.o
    0x0003237c   0x0003237c   0x00000030   Data   RO         7300    .constdata          nrf_fstorage_sd.o
    0x000323ac   0x000323ac   0x00000018   Data   RO         7493    .constdata          fds.o
    0x000323c4   0x000323c4   0x00000058   Data   RO         8340    .constdata          nrf_sdh.o
    0x0003241c   0x0003241c   0x00000030   Data   RO         8452    .constdata          nrf_sdh_ble.o
    0x0003244c   0x0003244c   0x0000001c   Data   RO         8504    .constdata          nrf_sdh_soc.o
    0x00032468   0x00032468   0x00000020   Data   RO         8993    Region$$Table       anon$$obj.o
    0x00032488   0x00032488   0x00000008   Data   RO         1761    sdh_ble_observers0  ble_conn_state.o
    0x00032490   0x00032490   0x00000010   Data   RO           45    sdh_ble_observers1  main.o
    0x000324a0   0x000324a0   0x00000008   Data   RO         1241    sdh_ble_observers1  bsp_btn_ble.o
    0x000324a8   0x000324a8   0x00000008   Data   RO         1493    sdh_ble_observers1  ble_conn_params.o
    0x000324b0   0x000324b0   0x00000008   Data   RO         3141    sdh_ble_observers1  peer_manager.o
    0x000324b8   0x000324b8   0x00000010   Data   RO           46    sdh_ble_observers2  main.o
    0x000324c8   0x000324c8   0x00000008   Data   RO           47    sdh_ble_observers3  main.o
    0x000324d0   0x000324d0   0x00000008   Data   RO         7302    sdh_req_observers0  nrf_fstorage_sd.o
    0x000324d8   0x000324d8   0x00000008   Data   RO         4008    sdh_soc_observers0  nrf_drv_clock.o
    0x000324e0   0x000324e0   0x00000008   Data   RO         7303    sdh_soc_observers0  nrf_fstorage_sd.o
    0x000324e8   0x000324e8   0x00000008   Data   RO         8454    sdh_stack_observers0  nrf_sdh_ble.o
    0x000324f0   0x000324f0   0x00000008   Data   RO         8505    sdh_stack_observers0  nrf_sdh_soc.o
    0x000324f8   0x000324f8   0x00000008   Data   RO         4009    sdh_state_observers0  nrf_drv_clock.o
    0x00032500   0x00032500   0x00000008   Data   RO         7304    sdh_state_observers0  nrf_fstorage_sd.o


    Execution Region RW_IRAM1 (Exec base: 0x20002ad8, Load base: 0x00032508, Size: 0x00005280, Max: 0x0000d528, ABSOLUTE, COMPRESSED[0x00000054])

    Exec Addr    Load Addr    Size         Type   Attr      Idx    E Section Name        Object

    0x20002ad8   COMPRESSED   0x0000003f   Data   RW           44    .data               main.o
    0x20002b17   COMPRESSED   0x00000001   PAD
    0x20002b18   COMPRESSED   0x00000002   Data   RW          564    .data               procrex.o
    0x20002b1a   COMPRESSED   0x00000002   PAD
    0x20002b1c   COMPRESSED   0x0000001c   Data   RW          674    .data               led_ctrl.o
    0x20002b38   COMPRESSED   0x0000001c   Data   RW          759    .data               globlevar.o
    0x20002b54   COMPRESSED   0x00000010   Data   RW          800    .data               board_flash_fstorage.o
    0x20002b64   COMPRESSED   0x00000004   Data   RW          885    .data               bat_volt_check.o
    0x20002b68   COMPRESSED   0x00000001   Data   RW          966    .data               led_alarm.o
    0x20002b69   COMPRESSED   0x00000003   PAD
    0x20002b6c   COMPRESSED   0x00000015   Data   RW         1137    .data               bsp.o
    0x20002b81   COMPRESSED   0x00000003   PAD
    0x20002b84   COMPRESSED   0x00000008   Data   RW         1240    .data               bsp_btn_ble.o
    0x20002b8c   COMPRESSED   0x00000008   Data   RW         1492    .data               ble_conn_params.o
    0x20002b94   COMPRESSED   0x00000013   Data   RW         2238    .data               gatt_cache_manager.o
    0x20002ba7   COMPRESSED   0x00000001   PAD
    0x20002ba8   COMPRESSED   0x0000000a   Data   RW         2421    .data               gatts_cache_manager.o
    0x20002bb2   COMPRESSED   0x00000002   PAD
    0x20002bb4   COMPRESSED   0x0000000c   Data   RW         2698    .data               peer_data_storage.o
    0x20002bc0   COMPRESSED   0x00000008   Data   RW         2869    .data               peer_database.o
    0x20002bc8   COMPRESSED   0x0000000f   Data   RW         3140    .data               peer_manager.o
    0x20002bd7   COMPRESSED   0x00000005   Data   RW         3592    .data               security_dispatcher.o
    0x20002bdc   COMPRESSED   0x00000018   Data   RW         3775    .data               security_manager.o
    0x20002bf4   COMPRESSED   0x00000008   Data   RW         4219    .data               nrfx_clock.o
    0x20002bfc   COMPRESSED   0x00000008   Data   RW         4685    .data               nrfx_prs.o
    0x20002c04   COMPRESSED   0x00000008   Data   RW         5350    .data               nrfx_pwm.o
    0x20002c0c   COMPRESSED   0x00000004   PAD
    0x20002c10   COMPRESSED   0x00000018   Data   RW         5635    .data               app_button.o
    0x20002c28   COMPRESSED   0x00000024   Data   RW         6132    .data               app_timer2.o
    0x20002c4c   COMPRESSED   0x0000000c   Data   RW         6400    .data               drv_rtc.o
    0x20002c58   COMPRESSED   0x00000009   Data   RW         6952    .data               nrf_pwr_mgmt.o
    0x20002c61   COMPRESSED   0x00000003   PAD
    0x20002c64   COMPRESSED   0x00000008   Data   RW         7301    .data               nrf_fstorage_sd.o
    0x20002c6c   COMPRESSED   0x00000030   Data   RW         7494    .data               fds.o
    0x20002c9c   COMPRESSED   0x00000003   Data   RW         8341    .data               nrf_sdh.o
    0x20002c9f   COMPRESSED   0x00000001   Data   RW         8453    .data               nrf_sdh_ble.o
    0x20002ca0   COMPRESSED   0x00000004   Data   RW         8554    .data               system_nrf52.o
    0x20002ca4   COMPRESSED   0x00000004   Data   RW         8981    .data               mc_w.l(mvars.o)
    0x20002ca8   COMPRESSED   0x00000004   Data   RW         8982    .data               mc_w.l(mvars.o)
    0x20002cac   COMPRESSED   0x00000014   Data   RW         7495    fs_data             fds.o
    0x20002cc0        -       0x000007d4   Zero   RW           42    .bss                main.o
    0x20003494        -       0x0000000a   Zero   RW          563    .bss                procrex.o
    0x2000349e   COMPRESSED   0x00000002   PAD
    0x200034a0        -       0x0000013c   Zero   RW          672    .bss                led_ctrl.o
    0x200035dc        -       0x0000000c   Zero   RW          798    .bss                board_flash_fstorage.o
    0x200035e8        -       0x00000040   Zero   RW          883    .bss                bat_volt_check.o
    0x20003628        -       0x00000020   Zero   RW          964    .bss                led_alarm.o
    0x20003648        -       0x00000070   Zero   RW         1135    .bss                bsp.o
    0x200036b8        -       0x00000050   Zero   RW         1491    .bss                ble_conn_params.o
    0x20003708        -       0x0000007c   Zero   RW         1760    .bss                ble_conn_state.o
    0x20003784        -       0x000000d8   Zero   RW         2527    .bss                id_manager.o
    0x2000385c        -       0x00000180   Zero   RW         2867    .bss                peer_database.o
    0x200039dc        -       0x00000040   Zero   RW         3008    .bss                peer_id.o
    0x20003a1c        -       0x0000000c   Zero   RW         3138    .bss                peer_manager.o
    0x20003a28        -       0x00000040   Zero   RW         3590    .bss                security_dispatcher.o
    0x20003a68        -       0x00000014   Zero   RW         4006    .bss                nrf_drv_clock.o
    0x20003a7c        -       0x0000005c   Zero   RW         4412    .bss                nrfx_gpiote.o
    0x20003ad8        -       0x00000030   Zero   RW         5484    .bss                nrfx_saadc.o
    0x20003b08        -       0x00000030   Zero   RW         5633    .bss                app_button.o
    0x20003b38        -       0x0000000c   Zero   RW         5839    .bss                app_util_platform.o
    0x20003b44        -       0x00000068   Zero   RW         6130    .bss                app_timer2.o
    0x20003bac        -       0x0000000c   Zero   RW         6950    .bss                nrf_pwr_mgmt.o
    0x20003bb8        -       0x000000b0   Zero   RW         7299    .bss                nrf_fstorage_sd.o
    0x20003c68        -       0x000000f0   Zero   RW         7492    .bss                fds.o
    0x20003d58        -       0x00002000   Zero   RW         8532    HEAP                arm_startup_nrf52.o
    0x20005d58        -       0x00002000   Zero   RW         8531    STACK               arm_startup_nrf52.o


==============================================================================

Image component sizes


      Code (inc. data)   RO Data    RW Data    ZI Data      Debug   Object Name

       922        120          7         24         48      18188   app_button.o
        28          0          0          0          0       2349   app_error.o
        92         10          0          0          0      30661   app_error_weak.o
         0          0          0          0          0      37034   app_scheduler.o
      1146        130         20         36        104      17928   app_timer2.o
       200         24          0          0         12      10158   app_util_platform.o
        36          8        512          0      16384        884   arm_startup_nrf52.o
      1344        180         25          4         64      11633   bat_volt_check.o
      1756          0          0          0          0      54628   ble_advdata.o
      1464          6          0          0          0      16319   ble_advertising.o
       936         56          8          8         80      11043   ble_conn_params.o
       868         76          8          0        124      15965   ble_conn_state.o
       108          0          0          0          0       1448   ble_link_ctx_manager.o
       676          6          0          0          0      40805   ble_srv_common.o
       692         90         24         16         12      13388   board_flash_fstorage.o
       508         36          8          0          0      13293   boards.o
      1664        130         44         21        112      13080   bsp.o
       240         12          8          8          0       6268   bsp_btn_ble.o
        62          0          0          0          0       1296   crc16.o
       886         34          6         12          0      48985   drv_rtc.o
      4800        462         24         68        240      53454   fds.o
      1650        154        108         19          0      32667   gatt_cache_manager.o
       628         32         24         10          0      14669   gatts_cache_manager.o
         0          0          0         28          0       3863   globlevar.o
      1080         34          8          0        216      14090   id_manager.o
       136         26          4          1         32       2941   led_alarm.o
      1872        166         74         28        316      10901   led_ctrl.o
      2722        246         76         63       2004     207166   main.o
       784          6         16          0          0       6094   my_ble_uarts.o
       374          0          0          0          0       6248   nrf_atfifo.o
       232          0          0          0          0       4528   nrf_atflags.o
       394          0          0          0          0       7493   nrf_atomic.o
       784         16         22          0          0      38624   nrf_ble_gatt.o
       390          0          0          0          0       5717   nrf_ble_qwr.o
       364         48         16          0         20      37850   nrf_drv_clock.o
       370          0          0          0          0       5661   nrf_fstorage.o
      1118        118         72          8        176      17767   nrf_fstorage_sd.o
       168         22         36          9         12      36901   nrf_pwr_mgmt.o
       804         86         88          3          0      40318   nrf_sdh.o
       366         18         56          1          0       5341   nrf_sdh_ble.o
        84          4         36          0          0       2352   nrf_sdh_soc.o
       112          0          0          0          0       2556   nrf_section_iter.o
       110          0          0          0          0       3332   nrf_sortlist.o
       400         34          0          8          0      43298   nrfx_clock.o
      1828        122         62          0         92      63526   nrfx_gpiote.o
        16          6          0          8          0       1786   nrfx_prs.o
      1068         34          0          8          0      23107   nrfx_pwm.o
      1720        108        170          0         48      24769   nrfx_saadc.o
         0          0          0          0          0       3372   nrfx_uart.o
       850         26         24         12          0      16290   peer_data_storage.o
      1318         48         16          8        384      20365   peer_database.o
       372         40          0          0         64       7796   peer_id.o
       806         52          8         15         12      10716   peer_manager.o
       288          0          0          0          0       5106   pm_buffer.o
       626         30          0          2         10      42349   procrex.o
      1802         94        120          5         64      28387   security_dispatcher.o
      1216         90          5         24          0      50503   security_manager.o
      1372        142          0          4          0       8011   system_nrf52.o

    ----------------------------------------------------------------------
     46752       3182       1796        480      20632    1275267   Object Totals
         0          0         32          0          0          0   (incl. Generated)
       100          0         29         19          2          0   (incl. Padding)

    ----------------------------------------------------------------------

      Code (inc. data)   RO Data    RW Data    ZI Data      Debug   Library Member Name

        86          0          0          0          0          0   __dczerorl2.o
         0          0          0          0          0          0   entry.o
         0          0          0          0          0          0   entry10a.o
         0          0          0          0          0          0   entry11a.o
         8          4          0          0          0          0   entry2.o
         4          0          0          0          0          0   entry5.o
         0          0          0          0          0          0   entry7b.o
         0          0          0          0          0          0   entry8b.o
         8          4          0          0          0          0   entry9a.o
        30          0          0          0          0          0   handlers.o
        36          8          0          0          0         68   init.o
         0          0          0          0          0          0   iusefp.o
        30          0          0          0          0         68   llshl.o
        36          0          0          0          0         68   llsshr.o
        32          0          0          0          0         68   llushr.o
       108         16          0          0          0         84   malloc.o
        26          0          0          0          0         80   memcmp.o
        36          0          0          0          0         68   memcpya.o
        36          0          0          0          0        108   memseta.o
         0          0          0          8          0          0   mvars.o
        24          0          0          0          0         68   strcat.o
        18          0          0          0          0         68   strcpy.o
        14          0          0          0          0         68   strlen.o
        98          0          0          0          0         92   uldiv.o
        48          0          0          0          0         68   cdrcmple.o
        56          0          0          0          0         88   d2f.o
       334          0          0          0          0        148   dadd.o
       222          0          0          0          0        100   ddiv.o
       186          0          0          0          0        176   depilogue.o
        34          0          0          0          0         76   dflti.o
       228          0          0          0          0         96   dmul.o
        38          0          0          0          0         68   f2d.o
       110          0          0          0          0        168   fepilogue.o

    ----------------------------------------------------------------------
      1892         32          0          8          0       1896   Library Totals
         6          0          0          0          0          0   (incl. Padding)

    ----------------------------------------------------------------------

      Code (inc. data)   RO Data    RW Data    ZI Data      Debug   Library Name

       630         32          0          8          0        908   mc_w.l
      1256          0          0          0          0        988   mf_w.l

    ----------------------------------------------------------------------
      1892         32          0          8          0       1896   Library Totals

    ----------------------------------------------------------------------

==============================================================================


      Code (inc. data)   RO Data    RW Data    ZI Data      Debug   

     48644       3214       1796        488      20632    1212511   Grand Totals
     48644       3214       1796         84      20632    1212511   ELF Image Totals (compressed)
     48644       3214       1796         84          0          0   ROM Totals

==============================================================================

    Total RO  Size (Code + RO Data)                50440 (  49.26kB)
    Total RW  Size (RW Data + ZI Data)             21120 (  20.63kB)
    Total ROM Size (Code + RO Data + RW Data)      50524 (  49.34kB)

==============================================================================

